Archive member included because of file (symbol)

C:/Freescale/CW MCU v10.6/MCU/ARM_GCC_Support/ewl/lib/armv6-m\libc.a(exit.o)
                              ./Project_Settings/Startup_Code/__arm_start.o (exit)
C:/Freescale/CW MCU v10.6/MCU/ARM_GCC_Support/ewl/lib/armv6-m\libc.a(memset.o)
                              ./Project_Settings/Startup_Code/__arm_start.o (memset)
C:/Freescale/CW MCU v10.6/MCU/ARM_GCC_Support/ewl/lib/armv6-m\libc.a(__filll_mem.o)
                              C:/Freescale/CW MCU v10.6/MCU/ARM_GCC_Support/ewl/lib/armv6-m\libc.a(memset.o) (__fill_mem)
c:/freescale/cw mcu v10.6/cross_tools/arm-none-eabi-gcc-4_7_3/bin/../lib/gcc/arm-none-eabi/4.7.3/armv6-m\libgcc.a(_udivsi3.o)
                              ./Sources/uCBsp/bsp_os.o (__aeabi_uidiv)
c:/freescale/cw mcu v10.6/cross_tools/arm-none-eabi-gcc-4_7_3/bin/../lib/gcc/arm-none-eabi/4.7.3/armv6-m\libgcc.a(_dvmd_tls.o)
                              c:/freescale/cw mcu v10.6/cross_tools/arm-none-eabi-gcc-4_7_3/bin/../lib/gcc/arm-none-eabi/4.7.3/armv6-m\libgcc.a(_udivsi3.o) (__aeabi_idiv0)
c:/freescale/cw mcu v10.6/cross_tools/arm-none-eabi-gcc-4_7_3/bin/../lib/gcc/arm-none-eabi/4.7.3/armv6-m\libgcc.a(_aeabi_uldivmod.o)
                              ./Sources/uCCpu/cpu_bsp.o (__aeabi_uldivmod)
c:/freescale/cw mcu v10.6/cross_tools/arm-none-eabi-gcc-4_7_3/bin/../lib/gcc/arm-none-eabi/4.7.3/armv6-m\libgcc.a(bpabi.o)
                              c:/freescale/cw mcu v10.6/cross_tools/arm-none-eabi-gcc-4_7_3/bin/../lib/gcc/arm-none-eabi/4.7.3/armv6-m\libgcc.a(_aeabi_uldivmod.o) (__gnu_uldivmod_helper)
c:/freescale/cw mcu v10.6/cross_tools/arm-none-eabi-gcc-4_7_3/bin/../lib/gcc/arm-none-eabi/4.7.3/armv6-m\libgcc.a(_muldi3.o)
                              c:/freescale/cw mcu v10.6/cross_tools/arm-none-eabi-gcc-4_7_3/bin/../lib/gcc/arm-none-eabi/4.7.3/armv6-m\libgcc.a(bpabi.o) (__aeabi_lmul)
c:/freescale/cw mcu v10.6/cross_tools/arm-none-eabi-gcc-4_7_3/bin/../lib/gcc/arm-none-eabi/4.7.3/armv6-m\libgcc.a(_divdi3.o)
                              c:/freescale/cw mcu v10.6/cross_tools/arm-none-eabi-gcc-4_7_3/bin/../lib/gcc/arm-none-eabi/4.7.3/armv6-m\libgcc.a(bpabi.o) (__divdi3)
c:/freescale/cw mcu v10.6/cross_tools/arm-none-eabi-gcc-4_7_3/bin/../lib/gcc/arm-none-eabi/4.7.3/armv6-m\libgcc.a(_udivdi3.o)
                              c:/freescale/cw mcu v10.6/cross_tools/arm-none-eabi-gcc-4_7_3/bin/../lib/gcc/arm-none-eabi/4.7.3/armv6-m\libgcc.a(bpabi.o) (__udivdi3)
c:/freescale/cw mcu v10.6/cross_tools/arm-none-eabi-gcc-4_7_3/bin/../lib/gcc/arm-none-eabi/4.7.3/armv6-m\libgcc.a(_clzsi2.o)
                              c:/freescale/cw mcu v10.6/cross_tools/arm-none-eabi-gcc-4_7_3/bin/../lib/gcc/arm-none-eabi/4.7.3/armv6-m\libgcc.a(_divdi3.o) (__clzsi2)
C:/Freescale/CW MCU v10.6/MCU/ARM_GCC_Support/ewl/lib/armv6-m\librt.a(gcc_ctor_dtor.o)
                              ./Project_Settings/Startup_Code/__arm_start.o (__init_cpp)
C:/Freescale/CW MCU v10.6/MCU/ARM_GCC_Support/ewl/lib/armv6-m\librt.a(__arm_eabi_init.o)
                              C:/Freescale/CW MCU v10.6/MCU/ARM_GCC_Support/ewl/lib/armv6-m\libc.a(exit.o) (__destroy_global_chain)
C:/Freescale/CW MCU v10.6/MCU/ARM_GCC_Support/ewl/lib/armv6-m\librt.a(ROMCopy.o)
                              ./Project_Settings/Startup_Code/__arm_start.o (__copy_rom_sections_to_ram)

Allocating common symbols
Common symbol       size              file

OSSchedLockNestingCtr
                    0x1               ./Sources/uCOSIII/os_var.o
OS_AppTaskReturnHookPtr
                    0x4               ./Sources/uCOSIII/os_var.o
OSStatTaskTimeMax   0x4               ./Sources/uCOSIII/os_var.o
OSStatTaskCtr       0x4               ./Sources/uCOSIII/os_var.o
OSTaskRegNextAvailID
                    0x1               ./Sources/uCOSIII/os_var.o
OSRunning           0x1               ./Sources/uCOSIII/os_var.o
Mem_SegHeap         0x14              ./Sources/uCLib/lib_mem.o
OSRdyList           0x300             ./Sources/uCOSIII/os_var.o
OSPrioHighRdy       0x1               ./Sources/uCOSIII/os_var.o
OSStatTaskRdy       0x1               ./Sources/uCOSIII/os_var.o
OSSemDbgListPtr     0x4               ./Sources/uCOSIII/os_var.o
OS_AppTaskCreateHookPtr
                    0x4               ./Sources/uCOSIII/os_var.o
OSCfg_StatTaskStk   0x200             ./Sources/uCOSIII/os_cfg_app.o
Mem_SegHeadPtr      0x4               ./Sources/uCLib/lib_mem.o
OSPrioCur           0x1               ./Sources/uCOSIII/os_var.o
OSTickTaskTCB       0xbc              ./Sources/uCOSIII/os_var.o
Math_RandSeedCur    0x4               ./Sources/uCLib/lib_math.o
CPU_IntDisMeasMax_cnts
                    0x4               ./Sources/uCCpu/cpu_core.o
OSTmrTickCtr        0x4               ./Sources/uCOSIII/os_var.o
OSSchedLockTimeBegin
                    0x4               ./Sources/uCOSIII/os_var.o
OSTCBCurPtr         0x4               ./Sources/uCOSIII/os_var.o
[...]
Memory Configuration

Name             Origin             Length             Attributes
m_interrupts     0x00000000         0x000000c0         xr
m_cfmprotrom     0x00000400         0x00000010         xr
m_text           0x00000800         0x0003f800         xr
m_data           0x1fffe000         0x00008000         xrw
*default*        0x00000000         0xffffffff

Linker script and memory map

LOAD ./Project_Settings/Startup_Code/kinetis_sysinit.o
LOAD ./Project_Settings/Startup_Code/__arm_start.o
LOAD ./Project_Settings/Startup_Code/__arm_end.o
LOAD ./Sources/Interfaces/iDio.o
LOAD ./Sources/Modules/mLeds.o
LOAD ./Sources/sa_mtb.o
LOAD ./Sources/main.o
LOAD ./Sources/uCBsp/bsp_os.o
LOAD ./Sources/uCBsp/bsp_int.o
LOAD ./Sources/uCBsp/bsp.o
LOAD ./Sources/uCCpu/cpu_core.o
LOAD ./Sources/uCCpu/cpu_c.o
LOAD ./Sources/uCCpu/cpu_bsp.o
LOAD ./Sources/uCCpu/cpu_a.o
LOAD ./Sources/uCLib/lib_str.o
LOAD ./Sources/uCLib/lib_mem.o
LOAD ./Sources/uCLib/lib_math.o
LOAD ./Sources/uCLib/lib_ascii.o
LOAD ./Sources/uCOSIII/os_var.o
LOAD ./Sources/uCOSIII/os_tmr.o
LOAD ./Sources/uCOSIII/os_time.o
LOAD ./Sources/uCOSIII/os_tick.o
LOAD ./Sources/uCOSIII/os_task.o
LOAD ./Sources/uCOSIII/os_stat.o
LOAD ./Sources/uCOSIII/os_sem.o
LOAD ./Sources/uCOSIII/os_q.o
LOAD ./Sources/uCOSIII/os_prio.o
LOAD ./Sources/uCOSIII/os_pend_multi.o
LOAD ./Sources/uCOSIII/os_mutex.o
LOAD ./Sources/uCOSIII/os_msg.o
LOAD ./Sources/uCOSIII/os_mem.o
LOAD ./Sources/uCOSIII/os_int.o
LOAD ./Sources/uCOSIII/os_flag.o
LOAD ./Sources/uCOSIII/os_dbg.o
LOAD ./Sources/uCOSIII/os_cpu_c.o
LOAD ./Sources/uCOSIII/os_cpu_a.o
LOAD ./Sources/uCOSIII/os_core.o
LOAD ./Sources/uCOSIII/os_cfg_app.o
LOAD ./Sources/uCOSIII/os_app_hooks.o
START GROUP
LOAD C:/Freescale/CW MCU v10.6/MCU/ARM_GCC_Support/ewl/lib/armv6-m\libc.a
LOAD C:/Freescale/CW MCU v10.6/MCU/ARM_GCC_Support/ewl/lib/armv6-m\libm.a
LOAD c:/freescale/cw mcu v10.6/cross_tools/arm-none-eabi-gcc-4_7_3/bin/../lib/gcc/arm-none-eabi/4.7.3/armv6-m\libgcc.a
LOAD C:/Freescale/CW MCU v10.6/MCU/ARM_GCC_Support/ewl/lib/armv6-m\librt.a
END GROUP
                0x20006000                _estack = 0x20006000
                0x20006000                __SP_INIT = _estack
                0x00000800                __heap_size = 0x800
                0x00000800                __stack_size = 0x800

.interrupts     0x00000000       0xc0
                0x00000000                __vector_table = .
                0x00000000                . = ALIGN (0x4)
 *(.vectortable)
 .vectortable   0x00000000       0xc0 ./Project_Settings/Startup_Code/kinetis_sysinit.o
                0x00000000                InterruptVector
                0x000000c0                . = ALIGN (0x4)

.cfmprotect     0x00000400        0x0
                0x00000400                . = ALIGN (0x4)
 *(.cfmconfig)
                0x00000400                . = ALIGN (0x4)

.text           0x00000800     0x5318
                0x00000800                . = ALIGN (0x4)
 *(.text)
 .text          0x00000800       0x20 ./Sources/uCCpu/cpu_a.o
                0x00000800                CPU_IntDis
                0x00000804                CPU_IntEn
                0x00000808                CPU_SR_Save
                0x00000810                CPU_SR_Restore
                0x00000816                CPU_WaitForInt
                0x0000081a                CPU_WaitForExcept
 .text          0x00000820       0x9c ./Sources/uCOSIII/os_cpu_a.o
                0x00000820                OSStartHighRdy
                0x0000083e                OSCtxSw
                0x00000846                OSIntCtxSw
                0x0000084e                OS_CPU_PendSVHandler
 .text          0x000008bc       0x9c c:/freescale/cw mcu v10.6/cross_tools/arm-none-eabi-gcc-4_7_3/bin/../lib/gcc/arm-none-eabi/4.7.3/armv6-m\libgcc.a(_udivsi3.o)
                0x000008bc                __aeabi_uidiv
                0x000008bc                __udivsi3
                0x00000944                __aeabi_uidivmod
 .text          0x00000958        0x4 c:/freescale/cw mcu v10.6/cross_tools/arm-none-eabi-gcc-4_7_3/bin/../lib/gcc/arm-none-eabi/4.7.3/armv6-m\libgcc.a(_dvmd_tls.o)
                0x00000958                __aeabi_idiv0
                0x00000958                __aeabi_ldiv0
 *(.text*)
 .text.Default_Handler
                0x0000095c        0xc ./Project_Settings/Startup_Code/kinetis_sysinit.o
                0x0000095c                RTC_Alarm_IRQHandler
                0x0000095c                I2C0_IRQHandler
                0x0000095c                SysTick_Handler
                0x0000095c                PendSV_Handler
                0x0000095c                NMI_Handler
                0x0000095c                I2C1_IRQHandler
                0x0000095c                UART1_IRQHandler
                0x0000095c                DMA2_IRQHandler
                0x0000095c                TPM0_IRQHandler
                0x0000095c                I2S0_IRQHandler
                0x0000095c                TSI0_IRQHandler
                0x0000095c                UART0_IRQHandler
                0x0000095c                ADC0_IRQHandler
                0x0000095c                SPI1_IRQHandler
                0x0000095c                TPM2_IRQHandler
                0x0000095c                LPTimer_IRQHandler
                0x0000095c                RTC_Seconds_IRQHandler
                0x0000095c                MCG_IRQHandler
                0x0000095c                UART2_IRQHandler
                0x0000095c                Default_Handler
                0x0000095c                LLW_IRQHandler
                0x0000095c                PORTCD_IRQHandler
                0x0000095c                PIT_IRQHandler
                0x0000095c                SVC_Handler
                0x0000095c                USBOTG_IRQHandler
                0x0000095c                DMA3_IRQHandler
                0x0000095c                DMA0_IRQHandler
                0x0000095c                DAC0_IRQHandler
                0x0000095c                PMC_IRQHandler
                0x0000095c                TPM1_IRQHandler
                0x0000095c                SPI0_IRQHandler
                0x0000095c                PORTA_IRQHandler
                0x0000095c                FTFA_IRQHandler
                0x0000095c                SLCD_IRQHandler
                0x0000095c                CMP0_IRQHandler
                0x0000095c                DMA1_IRQHandler
 .text.HardFault_Handler
                0x00000968        0xc ./Project_Settings/Startup_Code/kinetis_sysinit.o
                0x00000968                HardFault_Handler
 .text.Coucou_Handler
                0x00000974        0xc ./Project_Settings/Startup_Code/kinetis_sysinit.o
                0x00000974                Coucou_Handler
 .text.__init_hardware
                0x00000980       0x2c ./Project_Settings/Startup_Code/kinetis_sysinit.o
                0x00000980                __init_hardware
 .text.zero_fill_bss
                0x000009ac       0x24 ./Project_Settings/Startup_Code/__arm_start.o
 .text.__thumb_startup
                0x000009d0       0x30 ./Project_Settings/Startup_Code/__arm_start.o
                0x000009d0                __thumb_startup
 .text._ExitProcess
                0x00000a00        0xc ./Project_Settings/Startup_Code/__arm_end.o
                0x00000a00                _ExitProcess
 .text.iDio_EnablePortClk
                0x00000a0c       0x1c ./Sources/Interfaces/iDio.o
                0x00000a0c                iDio_EnablePortClk
 .text.iDio_PinConfig
                0x00000a28       0xa8 ./Sources/Interfaces/iDio.o
                0x00000a28                iDio_PinConfig
 .text.iDio_SetPortDirection
                0x00000ad0       0x8c ./Sources/Interfaces/iDio.o
                0x00000ad0                iDio_SetPortDirection
 .text.iDio_SetPort
                0x00000b5c       0x8c ./Sources/Interfaces/iDio.o
                0x00000b5c                iDio_SetPort
 .text.mLeds_Setup
                0x00000be8       0xa4 ./Sources/Modules/mLeds.o
                0x00000be8                mLeds_Setup
 .text.mLeds_Write
                0x00000c8c      0x134 ./Sources/Modules/mLeds.o
                0x00000c8c                mLeds_Write
 .text.main     0x00000dc0       0x90 ./Sources/main.o
                0x00000dc0                main
 .text.AppTaskStart
                0x00000e50       0xc4 ./Sources/main.o
 .text.Task1    0x00000f14       0x48 ./Sources/main.o
 .text.Task2    0x00000f5c       0x50 ./Sources/main.o
 .text.BSP_IntDisAll
                0x00000fac        0xc ./Sources/uCBsp/bsp_int.o
                0x00000fac                BSP_IntDisAll
 .text.BSP_IntVectSet
                0x00000fb8       0x40 ./Sources/uCBsp/bsp_int.o
                0x00000fb8                BSP_IntVectSet
 .text.BSP_IntInit
                0x00000ff8       0x30 ./Sources/uCBsp/bsp_int.o
                0x00000ff8                BSP_IntInit
 .text.BSP_IntHandlerDummy
                0x00001028        0x8 ./Sources/uCBsp/bsp_int.o
 .text.BSP_Init
                0x00001030       0x80 ./Sources/uCBsp/bsp.o
                0x00001030                BSP_Init
 .text.BSP_CPU_ClkFreq
                0x000010b0       0x10 ./Sources/uCBsp/bsp.o
                0x000010b0                BSP_CPU_ClkFreq
 .text.BSP_Tick_Init
                0x000010c0       0x30 ./Sources/uCBsp/bsp.o
                0x000010c0                BSP_Tick_Init
 .text.BSP_PLL_Init
                0x000010f0       0xe8 ./Sources/uCBsp/bsp.o
 .text.CPU_Init
                0x000011d8       0x14 ./Sources/uCCpu/cpu_core.o
                0x000011d8                CPU_Init
 .text.CPU_SW_Exception
                0x000011ec        0x8 ./Sources/uCCpu/cpu_core.o
                0x000011ec                CPU_SW_Exception
 .text.CPU_NameClr
                0x000011f4       0x38 ./Sources/uCCpu/cpu_core.o
                0x000011f4                CPU_NameClr
 .text.CPU_NameSet
                0x0000122c       0x7c ./Sources/uCCpu/cpu_core.o
                0x0000122c                CPU_NameSet
 .text.CPU_TS_TmrFreqSet
                0x000012a8       0x18 ./Sources/uCCpu/cpu_core.o
                0x000012a8                CPU_TS_TmrFreqSet
 .text.CPU_IntDisMeasMaxCurReset
                0x000012c0       0x38 ./Sources/uCCpu/cpu_core.o
                0x000012c0                CPU_IntDisMeasMaxCurReset
 .text.CPU_IntDisMeasMaxCurGet
                0x000012f8       0x3c ./Sources/uCCpu/cpu_core.o
                0x000012f8                CPU_IntDisMeasMaxCurGet
 .text.CPU_IntDisMeasMaxGet
                0x00001334       0x3c ./Sources/uCCpu/cpu_core.o
                0x00001334                CPU_IntDisMeasMaxGet
 .text.CPU_IntDisMeasStart
                0x00001370       0x40 ./Sources/uCCpu/cpu_core.o
                0x00001370                CPU_IntDisMeasStart
 .text.CPU_IntDisMeasStop
                0x000013b0       0x6c ./Sources/uCCpu/cpu_core.o
                0x000013b0                CPU_IntDisMeasStop
 .text.CPU_CntLeadZeros
                0x0000141c       0x20 ./Sources/uCCpu/cpu_core.o
                0x0000141c                CPU_CntLeadZeros
 .text.CPU_CntLeadZeros32
                0x0000143c       0x80 ./Sources/uCCpu/cpu_core.o
                0x0000143c                CPU_CntLeadZeros32
 .text.CPU_NameInit
                0x000014bc        0xc ./Sources/uCCpu/cpu_core.o
 .text.CPU_TS_Init
                0x000014c8       0x18 ./Sources/uCCpu/cpu_core.o
 .text.CPU_IntDisMeasInit
                0x000014e0       0xb8 ./Sources/uCCpu/cpu_core.o
 .text.CPU_IntDisMeasMaxCalc
                0x00001598       0x34 ./Sources/uCCpu/cpu_core.o
 .text.CPU_TS_TmrInit
                0x000015cc       0x24 ./Sources/uCCpu/cpu_bsp.o
                0x000015cc                CPU_TS_TmrInit
 .text.CPU_TS_TmrRd
                0x000015f0       0x14 ./Sources/uCCpu/cpu_bsp.o
                0x000015f0                CPU_TS_TmrRd
 .text.Str_Len_N
                0x00001604       0x40 ./Sources/uCLib/lib_str.o
                0x00001604                Str_Len_N
 .text.Str_Copy_N
                0x00001644       0x8c ./Sources/uCLib/lib_str.o
                0x00001644                Str_Copy_N
 .text.Mem_Init
                0x000016d0       0x50 ./Sources/uCLib/lib_mem.o
                0x000016d0                Mem_Init
 .text.Mem_Clr  0x00001720       0x20 ./Sources/uCLib/lib_mem.o
                0x00001720                Mem_Clr
 .text.Mem_Set  0x00001740       0xc8 ./Sources/uCLib/lib_mem.o
                0x00001740                Mem_Set
 .text.Mem_SegCreate
                0x00001808       0x4c ./Sources/uCLib/lib_mem.o
                0x00001808                Mem_SegCreate
 .text.Mem_SegCreateCritical
                0x00001854       0x44 ./Sources/uCLib/lib_mem.o
 .text.Math_Init
                0x00001898       0x10 ./Sources/uCLib/lib_math.o
                0x00001898                Math_Init
 .text.Math_RandSetSeed
                0x000018a8       0x34 ./Sources/uCLib/lib_math.o
                0x000018a8                Math_RandSetSeed
 .text.OS_TmrInit
                0x000018dc      0x150 ./Sources/uCOSIII/os_tmr.o
                0x000018dc                OS_TmrInit
 .text.OS_TmrResetPeak
                0x00001a2c        0x8 ./Sources/uCOSIII/os_tmr.o
                0x00001a2c                OS_TmrResetPeak
 .text.OS_TmrUnlink
                0x00001a34       0x78 ./Sources/uCOSIII/os_tmr.o
                0x00001a34                OS_TmrUnlink
 .text.OS_TmrTask
                0x00001aac       0xdc ./Sources/uCOSIII/os_tmr.o
                0x00001aac                OS_TmrTask
 .text.OS_TmrLock
                0x00001b88       0x24 ./Sources/uCOSIII/os_tmr.o
 .text.OS_TmrUnlock
                0x00001bac       0x20 ./Sources/uCOSIII/os_tmr.o
 .text.OSTimeDly
                0x00001bcc       0xe4 ./Sources/uCOSIII/os_time.o
                0x00001bcc                OSTimeDly
 .text.OSTimeTick
                0x00001cb0       0x58 ./Sources/uCOSIII/os_time.o
                0x00001cb0                OSTimeTick
 .text.OS_TickTask
                0x00001d08       0x8c ./Sources/uCOSIII/os_tick.o
                0x00001d08                OS_TickTask
 .text.OS_TickTaskInit
                0x00001d94       0xe4 ./Sources/uCOSIII/os_tick.o
                0x00001d94                OS_TickTaskInit
 .text.OS_TickListInsert
                0x00001e78      0x12c ./Sources/uCOSIII/os_tick.o
                0x00001e78                OS_TickListInsert
 .text.OS_TickListInsertDly
                0x00001fa4      0x114 ./Sources/uCOSIII/os_tick.o
                0x00001fa4                OS_TickListInsertDly
 .text.OS_TickListRemove
                0x000020b8       0xc4 ./Sources/uCOSIII/os_tick.o
                0x000020b8                OS_TickListRemove
 .text.OS_TickListResetPeak
                0x0000217c        0x8 ./Sources/uCOSIII/os_tick.o
                0x0000217c                OS_TickListResetPeak
 .text.OS_TickListUpdateDly
                0x00002184       0xe4 ./Sources/uCOSIII/os_tick.o
 .text.OS_TickListUpdateTimeout
                0x00002268      0x144 ./Sources/uCOSIII/os_tick.o
 .text.OSTaskCreate
                0x000023ac      0x1b8 ./Sources/uCOSIII/os_task.o
                0x000023ac                OSTaskCreate
 .text.OSTaskDel
                0x00002564      0x160 ./Sources/uCOSIII/os_task.o
                0x00002564                OSTaskDel
 .text.OSTaskResume
                0x000026c4       0x50 ./Sources/uCOSIII/os_task.o
                0x000026c4                OSTaskResume
 .text.OSTaskSemPend
                0x00002714      0x204 ./Sources/uCOSIII/os_task.o
                0x00002714                OSTaskSemPend
 .text.OSTaskSemPost
                0x00002918       0x38 ./Sources/uCOSIII/os_task.o
                0x00002918                OSTaskSemPost
 .text.OSTaskStkChk
                0x00002950       0xec ./Sources/uCOSIII/os_task.o
                0x00002950                OSTaskStkChk
 .text.OSTaskSuspend
                0x00002a3c       0x4c ./Sources/uCOSIII/os_task.o
                0x00002a3c                OSTaskSuspend
 .text.OS_TaskDbgListAdd
                0x00002a88       0x48 ./Sources/uCOSIII/os_task.o
                0x00002a88                OS_TaskDbgListAdd
 .text.OS_TaskDbgListRemove
                0x00002ad0       0x80 ./Sources/uCOSIII/os_task.o
                0x00002ad0                OS_TaskDbgListRemove
 .text.OS_TaskInit
                0x00002b50       0x34 ./Sources/uCOSIII/os_task.o
                0x00002b50                OS_TaskInit
 .text.OS_TaskInitTCB
                0x00002b84      0x1a4 ./Sources/uCOSIII/os_task.o
                0x00002b84                OS_TaskInitTCB
 .text.OS_TaskResume
                0x00002d28      0x13c ./Sources/uCOSIII/os_task.o
                0x00002d28                OS_TaskResume
 .text.OS_TaskReturn
                0x00002e64       0x24 ./Sources/uCOSIII/os_task.o
                0x00002e64                OS_TaskReturn
 .text.OS_TaskSemPost
                0x00002e88      0x148 ./Sources/uCOSIII/os_task.o
                0x00002e88                OS_TaskSemPost
 .text.OS_TaskSuspend
                0x00002fd0      0x138 ./Sources/uCOSIII/os_task.o
                0x00002fd0                OS_TaskSuspend
 .text.OSStatReset
                0x00003108      0x17c ./Sources/uCOSIII/os_stat.o
                0x00003108                OSStatReset
 .text.OSStatTaskCPUUsageInit
                0x00003284      0x134 ./Sources/uCOSIII/os_stat.o
                0x00003284                OSStatTaskCPUUsageInit
 .text.OS_StatTask
                0x000033b8      0x38c ./Sources/uCOSIII/os_stat.o
                0x000033b8                OS_StatTask
 .text.OS_StatTaskInit
                0x00003744       0xe0 ./Sources/uCOSIII/os_stat.o
                0x00003744                OS_StatTaskInit
 .text.OS_SemInit
                0x00003824       0x28 ./Sources/uCOSIII/os_sem.o
                0x00003824                OS_SemInit
 .text.OS_QInit
                0x0000384c       0x28 ./Sources/uCOSIII/os_q.o
                0x0000384c                OS_QInit
 .text.OS_PrioInit
                0x00003874       0x2c ./Sources/uCOSIII/os_prio.o
                0x00003874                OS_PrioInit
 .text.OS_PrioGetHighest
                0x000038a0       0x54 ./Sources/uCOSIII/os_prio.o
                0x000038a0                OS_PrioGetHighest
 .text.OS_PrioInsert
                0x000038f4       0x5c ./Sources/uCOSIII/os_prio.o
                0x000038f4                OS_PrioInsert
 .text.OS_PrioRemove
                0x00003950       0x60 ./Sources/uCOSIII/os_prio.o
                0x00003950                OS_PrioRemove
 .text.OSMutexCreate
                0x000039b0       0x9c ./Sources/uCOSIII/os_mutex.o
                0x000039b0                OSMutexCreate
 .text.OSMutexPend
                0x00003a4c      0x290 ./Sources/uCOSIII/os_mutex.o
                0x00003a4c                OSMutexPend
 .text.OSMutexPost
                0x00003cdc      0x184 ./Sources/uCOSIII/os_mutex.o
                0x00003cdc                OSMutexPost
 .text.OS_MutexDbgListAdd
                0x00003e60       0x48 ./Sources/uCOSIII/os_mutex.o
                0x00003e60                OS_MutexDbgListAdd
 .text.OS_MutexInit
                0x00003ea8       0x28 ./Sources/uCOSIII/os_mutex.o
                0x00003ea8                OS_MutexInit
 .text.OS_MsgPoolInit
                0x00003ed0       0xc0 ./Sources/uCOSIII/os_msg.o
                0x00003ed0                OS_MsgPoolInit
 .text.OS_MsgQFreeAll
                0x00003f90       0x7c ./Sources/uCOSIII/os_msg.o
                0x00003f90                OS_MsgQFreeAll
 .text.OS_MsgQInit
                0x0000400c       0x34 ./Sources/uCOSIII/os_msg.o
                0x0000400c                OS_MsgQInit
 .text.OS_MemInit
                0x00004040       0x28 ./Sources/uCOSIII/os_mem.o
                0x00004040                OS_MemInit
 .text.OS_FlagInit
                0x00004068       0x28 ./Sources/uCOSIII/os_flag.o
                0x00004068                OS_FlagInit
 .text.OS_Dbg_Init
                0x00004090      0x234 ./Sources/uCOSIII/os_dbg.o
                0x00004090                OS_Dbg_Init
 .text.OSIdleTaskHook
                0x000042c4       0x1c ./Sources/uCOSIII/os_cpu_c.o
                0x000042c4                OSIdleTaskHook
 .text.OSInitHook
                0x000042e0       0x34 ./Sources/uCOSIII/os_cpu_c.o
                0x000042e0                OSInitHook
 .text.OSStatTaskHook
                0x00004314       0x1c ./Sources/uCOSIII/os_cpu_c.o
                0x00004314                OSStatTaskHook
 .text.OSTaskCreateHook
                0x00004330       0x24 ./Sources/uCOSIII/os_cpu_c.o
                0x00004330                OSTaskCreateHook
 .text.OSTaskDelHook
                0x00004354       0x24 ./Sources/uCOSIII/os_cpu_c.o
                0x00004354                OSTaskDelHook
 .text.OSTaskReturnHook
                0x00004378       0x24 ./Sources/uCOSIII/os_cpu_c.o
                0x00004378                OSTaskReturnHook
 .text.OSTaskStkInit
                0x0000439c       0xdc ./Sources/uCOSIII/os_cpu_c.o
                0x0000439c                OSTaskStkInit
 .text.OSTaskSwHook
                0x00004478       0xb8 ./Sources/uCOSIII/os_cpu_c.o
                0x00004478                OSTaskSwHook
 .text.OSTimeTickHook
                0x00004530       0x1c ./Sources/uCOSIII/os_cpu_c.o
                0x00004530                OSTimeTickHook
 .text.OS_CPU_SysTickHandler
                0x0000454c       0x40 ./Sources/uCOSIII/os_cpu_c.o
                0x0000454c                OS_CPU_SysTickHandler
 .text.OS_CPU_SysTickInit
                0x0000458c       0x50 ./Sources/uCOSIII/os_cpu_c.o
                0x0000458c                OS_CPU_SysTickInit
 .text.OSInit   0x000045dc      0x1f8 ./Sources/uCOSIII/os_core.o
                0x000045dc                OSInit
 .text.OSIntExit
                0x000047d4       0xe4 ./Sources/uCOSIII/os_core.o
                0x000047d4                OSIntExit
 .text.OSSched  0x000048b8       0xa8 ./Sources/uCOSIII/os_core.o
                0x000048b8                OSSched
 .text.OSSchedLock
                0x00004960       0x88 ./Sources/uCOSIII/os_core.o
                0x00004960                OSSchedLock
 .text.OSSchedUnlock
                0x000049e8       0xac ./Sources/uCOSIII/os_core.o
                0x000049e8                OSSchedUnlock
 .text.OSStart  0x00004a94       0x80 ./Sources/uCOSIII/os_core.o
                0x00004a94                OSStart
 .text.OS_IdleTask
                0x00004b14       0x48 ./Sources/uCOSIII/os_core.o
                0x00004b14                OS_IdleTask
 .text.OS_IdleTaskInit
                0x00004b5c       0x6c ./Sources/uCOSIII/os_core.o
                0x00004b5c                OS_IdleTaskInit
 .text.OS_Pend  0x00004bc8       0x8c ./Sources/uCOSIII/os_core.o
                0x00004bc8                OS_Pend
 .text.OS_PendDataInit
                0x00004c54       0x78 ./Sources/uCOSIII/os_core.o
                0x00004c54                OS_PendDataInit
 .text.OS_PendDbgNameAdd
                0x00004ccc       0x78 ./Sources/uCOSIII/os_core.o
                0x00004ccc                OS_PendDbgNameAdd
 .text.OS_PendDbgNameRemove
                0x00004d44       0x44 ./Sources/uCOSIII/os_core.o
                0x00004d44                OS_PendDbgNameRemove
 .text.OS_PendListChangePrio
                0x00004d88       0x7c ./Sources/uCOSIII/os_core.o
                0x00004d88                OS_PendListChangePrio
 .text.OS_PendListInit
                0x00004e04       0x20 ./Sources/uCOSIII/os_core.o
                0x00004e04                OS_PendListInit
 .text.OS_PendListInsertPrio
                0x00004e24       0xec ./Sources/uCOSIII/os_core.o
                0x00004e24                OS_PendListInsertPrio
 .text.OS_PendListRemove
                0x00004f10       0x64 ./Sources/uCOSIII/os_core.o
                0x00004f10                OS_PendListRemove
 .text.OS_PendListRemove1
                0x00004f74       0x90 ./Sources/uCOSIII/os_core.o
                0x00004f74                OS_PendListRemove1
 .text.OS_Post  0x00005004      0x148 ./Sources/uCOSIII/os_core.o
                0x00005004                OS_Post
 .text.OS_Post1
                0x0000514c       0x70 ./Sources/uCOSIII/os_core.o
                0x0000514c                OS_Post1
 .text.OS_RdyListInit
                0x000051bc       0x50 ./Sources/uCOSIII/os_core.o
                0x000051bc                OS_RdyListInit
 .text.OS_RdyListInsert
                0x0000520c       0x40 ./Sources/uCOSIII/os_core.o
                0x0000520c                OS_RdyListInsert
 .text.OS_RdyListInsertHead
                0x0000524c       0x7c ./Sources/uCOSIII/os_core.o
                0x0000524c                OS_RdyListInsertHead
 .text.OS_RdyListInsertTail
                0x000052c8       0x7c ./Sources/uCOSIII/os_core.o
                0x000052c8                OS_RdyListInsertTail
 .text.OS_RdyListRemove
                0x00005344       0xac ./Sources/uCOSIII/os_core.o
                0x00005344                OS_RdyListRemove
 .text.OS_SchedLockTimeMeasStart
                0x000053f0       0x24 ./Sources/uCOSIII/os_core.o
                0x000053f0                OS_SchedLockTimeMeasStart
 .text.OS_SchedLockTimeMeasStop
                0x00005414       0x54 ./Sources/uCOSIII/os_core.o
                0x00005414                OS_SchedLockTimeMeasStop
 .text.OS_TaskBlock
                0x00005468       0x44 ./Sources/uCOSIII/os_core.o
                0x00005468                OS_TaskBlock
 .text.OSCfg_Init
                0x000054ac        0x8 ./Sources/uCOSIII/os_cfg_app.o
                0x000054ac                OSCfg_Init
 .text.exit     0x000054b4       0x38 C:/Freescale/CW MCU v10.6/MCU/ARM_GCC_Support/ewl/lib/armv6-m\libc.a(exit.o)
                0x000054b4                exit
 .text.memset   0x000054ec        0xc C:/Freescale/CW MCU v10.6/MCU/ARM_GCC_Support/ewl/lib/armv6-m\libc.a(memset.o)
                0x000054ec                memset
 .text.__fill_mem
                0x000054f8       0x7e C:/Freescale/CW MCU v10.6/MCU/ARM_GCC_Support/ewl/lib/armv6-m\libc.a(__filll_mem.o)
                0x000054f8                __fill_mem
 *fill*         0x00005576        0x2 00
 .text.__init_cpp
                0x00005578       0x48 C:/Freescale/CW MCU v10.6/MCU/ARM_GCC_Support/ewl/lib/armv6-m\librt.a(gcc_ctor_dtor.o)
                0x00005578                __init_cpp
 .text.__fini_cpp
                0x000055c0       0x34 C:/Freescale/CW MCU v10.6/MCU/ARM_GCC_Support/ewl/lib/armv6-m\librt.a(gcc_ctor_dtor.o)
                0x000055c0                __fini_cpp
 .text.__destroy_global_chain
                0x000055f4       0x1c C:/Freescale/CW MCU v10.6/MCU/ARM_GCC_Support/ewl/lib/armv6-m\librt.a(__arm_eabi_init.o)
                0x000055f4                __destroy_global_chain
 .text.__init_registers
                0x00005610       0x1c C:/Freescale/CW MCU v10.6/MCU/ARM_GCC_Support/ewl/lib/armv6-m\librt.a(__arm_eabi_init.o)
                0x00005610                __init_registers
 .text.__init_user
                0x0000562c        0x4 C:/Freescale/CW MCU v10.6/MCU/ARM_GCC_Support/ewl/lib/armv6-m\librt.a(__arm_eabi_init.o)
                0x0000562c                __init_user
 .text.__copy_rom_section
                0x00005630       0x48 C:/Freescale/CW MCU v10.6/MCU/ARM_GCC_Support/ewl/lib/armv6-m\librt.a(ROMCopy.o)
                0x00005630                __copy_rom_section
 .text.__copy_rom_sections_to_ram
                0x00005678       0x34 C:/Freescale/CW MCU v10.6/MCU/ARM_GCC_Support/ewl/lib/armv6-m\librt.a(ROMCopy.o)
                0x00005678                __copy_rom_sections_to_ram
 *(.rodata)
 .rodata        0x000056ac       0x30 ./Sources/main.o
 .rodata        0x000056dc       0x40 ./Sources/uCLib/lib_mem.o
 .rodata        0x0000571c       0x30 ./Sources/uCOSIII/os_tmr.o
 .rodata        0x0000574c       0x14 ./Sources/uCOSIII/os_tick.o
 .rodata        0x00005760        0xc ./Sources/uCOSIII/os_task.o
 .rodata        0x0000576c       0x14 ./Sources/uCOSIII/os_stat.o
 .rodata        0x00005780        0xc ./Sources/uCOSIII/os_mutex.o
 .rodata        0x0000578c       0x2c ./Sources/uCOSIII/os_core.o
 *(.rodata*)
 .rodata.iDio_PinConfig
                0x000057b8       0x14 ./Sources/Interfaces/iDio.o
 .rodata.iDio_SetPortDirection
                0x000057cc       0x14 ./Sources/Interfaces/iDio.o
 .rodata.iDio_SetPort
                0x000057e0       0x14 ./Sources/Interfaces/iDio.o
 .rodata.CPU_CntLeadZerosTbl
                0x000057f4      0x100 ./Sources/uCCpu/cpu_core.o
 .rodata.OSTaskDel
                0x000058f4       0x20 ./Sources/uCOSIII/os_task.o
 .rodata.OS_TaskResume
                0x00005914       0x20 ./Sources/uCOSIII/os_task.o
 .rodata.OS_TaskSuspend
                0x00005934       0x20 ./Sources/uCOSIII/os_task.o
 .rodata.OSDbg_DbgEn
                0x00005954        0x1 ./Sources/uCOSIII/os_dbg.o
                0x00005954                OSDbg_DbgEn
 .rodata.OSDbg_ArgChkEn
                0x00005955        0x1 ./Sources/uCOSIII/os_dbg.o
                0x00005955                OSDbg_ArgChkEn
 .rodata.OSDbg_AppHooksEn
                0x00005956        0x1 ./Sources/uCOSIII/os_dbg.o
                0x00005956                OSDbg_AppHooksEn
 *fill*         0x00005957        0x1 00
 .rodata.OSDbg_EndiannessTest
                0x00005958        0x4 ./Sources/uCOSIII/os_dbg.o
                0x00005958                OSDbg_EndiannessTest
 .rodata.OSDbg_CalledFromISRChkEn
                0x0000595c        0x1 ./Sources/uCOSIII/os_dbg.o
                0x0000595c                OSDbg_CalledFromISRChkEn
 .rodata.OSDbg_FlagEn
                0x0000595d        0x1 ./Sources/uCOSIII/os_dbg.o
                0x0000595d                OSDbg_FlagEn
 *fill*         0x0000595e        0x2 00
 .rodata.OSDbg_FlagGrp
                0x00005960       0x28 ./Sources/uCOSIII/os_dbg.o
                0x00005960                OSDbg_FlagGrp
 .rodata.OSDbg_FlagDelEn
                0x00005988        0x1 ./Sources/uCOSIII/os_dbg.o
                0x00005988                OSDbg_FlagDelEn
 .rodata.OSDbg_FlagModeClrEn
                0x00005989        0x1 ./Sources/uCOSIII/os_dbg.o
                0x00005989                OSDbg_FlagModeClrEn
 .rodata.OSDbg_FlagPendAbortEn
                0x0000598a        0x1 ./Sources/uCOSIII/os_dbg.o
                0x0000598a                OSDbg_FlagPendAbortEn
 *fill*         0x0000598b        0x1 00
 .rodata.OSDbg_FlagGrpSize
                0x0000598c        0x2 ./Sources/uCOSIII/os_dbg.o
                0x0000598c                OSDbg_FlagGrpSize
 .rodata.OSDbg_FlagWidth
                0x0000598e        0x2 ./Sources/uCOSIII/os_dbg.o
                0x0000598e                OSDbg_FlagWidth
 .rodata.OSDbg_ISRPostDeferredEn
                0x00005990        0x1 ./Sources/uCOSIII/os_dbg.o
                0x00005990                OSDbg_ISRPostDeferredEn
 *fill*         0x00005991        0x3 00
 .rodata.OSDbg_Mem
                0x00005994       0x20 ./Sources/uCOSIII/os_dbg.o
                0x00005994                OSDbg_Mem
 .rodata.OSDbg_MemEn
                0x000059b4        0x1 ./Sources/uCOSIII/os_dbg.o
                0x000059b4                OSDbg_MemEn
 *fill*         0x000059b5        0x1 00
 .rodata.OSDbg_MemSize
                0x000059b6        0x2 ./Sources/uCOSIII/os_dbg.o
                0x000059b6                OSDbg_MemSize
 .rodata.OSDbg_MsgEn
                0x000059b8        0x1 ./Sources/uCOSIII/os_dbg.o
                0x000059b8                OSDbg_MsgEn
 *fill*         0x000059b9        0x1 00
 .rodata.OSDbg_MsgSize
                0x000059ba        0x2 ./Sources/uCOSIII/os_dbg.o
                0x000059ba                OSDbg_MsgSize
 .rodata.OSDbg_MsgPoolSize
                0x000059bc        0x2 ./Sources/uCOSIII/os_dbg.o
                0x000059bc                OSDbg_MsgPoolSize
 .rodata.OSDbg_MsgQSize
                0x000059be        0x2 ./Sources/uCOSIII/os_dbg.o
                0x000059be                OSDbg_MsgQSize
 .rodata.OSDbg_Mutex
                0x000059c0       0x2c ./Sources/uCOSIII/os_dbg.o
                0x000059c0                OSDbg_Mutex
 .rodata.OSDbg_MutexEn
                0x000059ec        0x1 ./Sources/uCOSIII/os_dbg.o
                0x000059ec                OSDbg_MutexEn
 .rodata.OSDbg_MutexDelEn
                0x000059ed        0x1 ./Sources/uCOSIII/os_dbg.o
                0x000059ed                OSDbg_MutexDelEn
 .rodata.OSDbg_MutexPendAbortEn
                0x000059ee        0x1 ./Sources/uCOSIII/os_dbg.o
                0x000059ee                OSDbg_MutexPendAbortEn
 *fill*         0x000059ef        0x1 00
 .rodata.OSDbg_MutexSize
                0x000059f0        0x2 ./Sources/uCOSIII/os_dbg.o
                0x000059f0                OSDbg_MutexSize
 .rodata.OSDbg_ObjTypeChkEn
                0x000059f2        0x1 ./Sources/uCOSIII/os_dbg.o
                0x000059f2                OSDbg_ObjTypeChkEn
 .rodata.OSDbg_PendMultiEn
                0x000059f3        0x1 ./Sources/uCOSIII/os_dbg.o
                0x000059f3                OSDbg_PendMultiEn
 .rodata.OSDbg_PendDataSize
                0x000059f4        0x2 ./Sources/uCOSIII/os_dbg.o
                0x000059f4                OSDbg_PendDataSize
 .rodata.OSDbg_PendListSize
                0x000059f6        0x2 ./Sources/uCOSIII/os_dbg.o
                0x000059f6                OSDbg_PendListSize
 .rodata.OSDbg_PendObjSize
                0x000059f8        0x2 ./Sources/uCOSIII/os_dbg.o
                0x000059f8                OSDbg_PendObjSize
 .rodata.OSDbg_PrioMax
                0x000059fa        0x2 ./Sources/uCOSIII/os_dbg.o
                0x000059fa                OSDbg_PrioMax
 .rodata.OSDbg_PrioTblSize
                0x000059fc        0x2 ./Sources/uCOSIII/os_dbg.o
                0x000059fc                OSDbg_PrioTblSize
 .rodata.OSDbg_PtrSize
                0x000059fe        0x2 ./Sources/uCOSIII/os_dbg.o
                0x000059fe                OSDbg_PtrSize
 .rodata.OSDbg_Q
                0x00005a00       0x30 ./Sources/uCOSIII/os_dbg.o
                0x00005a00                OSDbg_Q
 .rodata.OSDbg_QEn
                0x00005a30        0x1 ./Sources/uCOSIII/os_dbg.o
                0x00005a30                OSDbg_QEn
 .rodata.OSDbg_QDelEn
                0x00005a31        0x1 ./Sources/uCOSIII/os_dbg.o
                0x00005a31                OSDbg_QDelEn
 .rodata.OSDbg_QFlushEn
                0x00005a32        0x1 ./Sources/uCOSIII/os_dbg.o
                0x00005a32                OSDbg_QFlushEn
 .rodata.OSDbg_QPendAbortEn
                0x00005a33        0x1 ./Sources/uCOSIII/os_dbg.o
                0x00005a33                OSDbg_QPendAbortEn
 .rodata.OSDbg_QSize
                0x00005a34        0x2 ./Sources/uCOSIII/os_dbg.o
                0x00005a34                OSDbg_QSize
 .rodata.OSDbg_SchedRoundRobinEn
                0x00005a36        0x1 ./Sources/uCOSIII/os_dbg.o
                0x00005a36                OSDbg_SchedRoundRobinEn
 *fill*         0x00005a37        0x1 00
 .rodata.OSDbg_Sem
                0x00005a38       0x28 ./Sources/uCOSIII/os_dbg.o
                0x00005a38                OSDbg_Sem
 .rodata.OSDbg_SemEn
                0x00005a60        0x1 ./Sources/uCOSIII/os_dbg.o
                0x00005a60                OSDbg_SemEn
 .rodata.OSDbg_SemDelEn
                0x00005a61        0x1 ./Sources/uCOSIII/os_dbg.o
                0x00005a61                OSDbg_SemDelEn
 .rodata.OSDbg_SemPendAbortEn
                0x00005a62        0x1 ./Sources/uCOSIII/os_dbg.o
                0x00005a62                OSDbg_SemPendAbortEn
 .rodata.OSDbg_SemSetEn
                0x00005a63        0x1 ./Sources/uCOSIII/os_dbg.o
                0x00005a63                OSDbg_SemSetEn
 .rodata.OSDbg_SemSize
                0x00005a64        0x2 ./Sources/uCOSIII/os_dbg.o
                0x00005a64                OSDbg_SemSize
 .rodata.OSDbg_RdyList
                0x00005a66        0x2 ./Sources/uCOSIII/os_dbg.o
                0x00005a66                OSDbg_RdyList
 .rodata.OSDbg_RdyListSize
                0x00005a68        0x4 ./Sources/uCOSIII/os_dbg.o
                0x00005a68                OSDbg_RdyListSize
 .rodata.OSDbg_StkWidth
                0x00005a6c        0x1 ./Sources/uCOSIII/os_dbg.o
                0x00005a6c                OSDbg_StkWidth
 .rodata.OSDbg_StatTaskEn
                0x00005a6d        0x1 ./Sources/uCOSIII/os_dbg.o
                0x00005a6d                OSDbg_StatTaskEn
 .rodata.OSDbg_StatTaskStkChkEn
                0x00005a6e        0x1 ./Sources/uCOSIII/os_dbg.o
                0x00005a6e                OSDbg_StatTaskStkChkEn
 .rodata.OSDbg_TaskChangePrioEn
                0x00005a6f        0x1 ./Sources/uCOSIII/os_dbg.o
                0x00005a6f                OSDbg_TaskChangePrioEn
 .rodata.OSDbg_TaskDelEn
                0x00005a70        0x1 ./Sources/uCOSIII/os_dbg.o
                0x00005a70                OSDbg_TaskDelEn
 .rodata.OSDbg_TaskQEn
                0x00005a71        0x1 ./Sources/uCOSIII/os_dbg.o
                0x00005a71                OSDbg_TaskQEn
 .rodata.OSDbg_TaskQPendAbortEn
                0x00005a72        0x1 ./Sources/uCOSIII/os_dbg.o
                0x00005a72                OSDbg_TaskQPendAbortEn
 .rodata.OSDbg_TaskProfileEn
                0x00005a73        0x1 ./Sources/uCOSIII/os_dbg.o
                0x00005a73                OSDbg_TaskProfileEn
 .rodata.OSDbg_TaskRegTblSize
                0x00005a74        0x2 ./Sources/uCOSIII/os_dbg.o
                0x00005a74                OSDbg_TaskRegTblSize
 .rodata.OSDbg_TaskSemPendAbortEn
                0x00005a76        0x1 ./Sources/uCOSIII/os_dbg.o
                0x00005a76                OSDbg_TaskSemPendAbortEn
 .rodata.OSDbg_TaskSuspendEn
                0x00005a77        0x1 ./Sources/uCOSIII/os_dbg.o
                0x00005a77                OSDbg_TaskSuspendEn
 .rodata.OSDbg_TCBSize
                0x00005a78        0x2 ./Sources/uCOSIII/os_dbg.o
                0x00005a78                OSDbg_TCBSize
 .rodata.OSDbg_TickListSize
                0x00005a7a        0x2 ./Sources/uCOSIII/os_dbg.o
                0x00005a7a                OSDbg_TickListSize
 .rodata.OSDbg_TimeDlyHMSMEn
                0x00005a7c        0x1 ./Sources/uCOSIII/os_dbg.o
                0x00005a7c                OSDbg_TimeDlyHMSMEn
 .rodata.OSDbg_TimeDlyResumeEn
                0x00005a7d        0x1 ./Sources/uCOSIII/os_dbg.o
                0x00005a7d                OSDbg_TimeDlyResumeEn
 *fill*         0x00005a7e        0x2 00
 .rodata.OSDbg_Tmr
                0x00005a80       0x30 ./Sources/uCOSIII/os_dbg.o
                0x00005a80                OSDbg_Tmr
 .rodata.OSDbg_TmrEn
                0x00005ab0        0x1 ./Sources/uCOSIII/os_dbg.o
                0x00005ab0                OSDbg_TmrEn
 .rodata.OSDbg_TmrDelEn
                0x00005ab1        0x1 ./Sources/uCOSIII/os_dbg.o
                0x00005ab1                OSDbg_TmrDelEn
 .rodata.OSDbg_TmrSize
                0x00005ab2        0x2 ./Sources/uCOSIII/os_dbg.o
                0x00005ab2                OSDbg_TmrSize
 .rodata.OSDbg_VersionNbr
                0x00005ab4        0x2 ./Sources/uCOSIII/os_dbg.o
                0x00005ab4                OSDbg_VersionNbr
 *fill*         0x00005ab6        0x2 00
 .rodata.OSDbg_DataSize
                0x00005ab8        0x4 ./Sources/uCOSIII/os_dbg.o
                0x00005ab8                OSDbg_DataSize
 .rodata.OSCfg_IdleTaskStkBasePtr
                0x00005abc        0x4 ./Sources/uCOSIII/os_cfg_app.o
                0x00005abc                OSCfg_IdleTaskStkBasePtr
 .rodata.OSCfg_IdleTaskStkLimit
                0x00005ac0        0x4 ./Sources/uCOSIII/os_cfg_app.o
                0x00005ac0                OSCfg_IdleTaskStkLimit
 .rodata.OSCfg_IdleTaskStkSize
                0x00005ac4        0x4 ./Sources/uCOSIII/os_cfg_app.o
                0x00005ac4                OSCfg_IdleTaskStkSize
 .rodata.OSCfg_ISRStkBasePtr
                0x00005ac8        0x4 ./Sources/uCOSIII/os_cfg_app.o
                0x00005ac8                OSCfg_ISRStkBasePtr
 .rodata.OSCfg_ISRStkSize
                0x00005acc        0x4 ./Sources/uCOSIII/os_cfg_app.o
                0x00005acc                OSCfg_ISRStkSize
 .rodata.OSCfg_MsgPoolSize
                0x00005ad0        0x2 ./Sources/uCOSIII/os_cfg_app.o
                0x00005ad0                OSCfg_MsgPoolSize
 *fill*         0x00005ad2        0x2 00
 .rodata.OSCfg_MsgPoolBasePtr
                0x00005ad4        0x4 ./Sources/uCOSIII/os_cfg_app.o
                0x00005ad4                OSCfg_MsgPoolBasePtr
 .rodata.OSCfg_StatTaskPrio
                0x00005ad8        0x1 ./Sources/uCOSIII/os_cfg_app.o
                0x00005ad8                OSCfg_StatTaskPrio
 *fill*         0x00005ad9        0x3 00
 .rodata.OSCfg_StatTaskRate_Hz
                0x00005adc        0x4 ./Sources/uCOSIII/os_cfg_app.o
                0x00005adc                OSCfg_StatTaskRate_Hz
 .rodata.OSCfg_StatTaskStkBasePtr
                0x00005ae0        0x4 ./Sources/uCOSIII/os_cfg_app.o
                0x00005ae0                OSCfg_StatTaskStkBasePtr
 .rodata.OSCfg_StatTaskStkLimit
                0x00005ae4        0x4 ./Sources/uCOSIII/os_cfg_app.o
                0x00005ae4                OSCfg_StatTaskStkLimit
 .rodata.OSCfg_StatTaskStkSize
                0x00005ae8        0x4 ./Sources/uCOSIII/os_cfg_app.o
                0x00005ae8                OSCfg_StatTaskStkSize
 .rodata.OSCfg_StkSizeMin
                0x00005aec        0x4 ./Sources/uCOSIII/os_cfg_app.o
                0x00005aec                OSCfg_StkSizeMin
 .rodata.OSCfg_TickRate_Hz
                0x00005af0        0x4 ./Sources/uCOSIII/os_cfg_app.o
                0x00005af0                OSCfg_TickRate_Hz
 .rodata.OSCfg_TickTaskPrio
                0x00005af4        0x1 ./Sources/uCOSIII/os_cfg_app.o
                0x00005af4                OSCfg_TickTaskPrio
 *fill*         0x00005af5        0x3 00
 .rodata.OSCfg_TickTaskStkBasePtr
                0x00005af8        0x4 ./Sources/uCOSIII/os_cfg_app.o
                0x00005af8                OSCfg_TickTaskStkBasePtr
 .rodata.OSCfg_TickTaskStkLimit
                0x00005afc        0x4 ./Sources/uCOSIII/os_cfg_app.o
                0x00005afc                OSCfg_TickTaskStkLimit
 .rodata.OSCfg_TickTaskStkSize
                0x00005b00        0x4 ./Sources/uCOSIII/os_cfg_app.o
                0x00005b00                OSCfg_TickTaskStkSize
 .rodata.OSCfg_TmrTaskPrio
                0x00005b04        0x1 ./Sources/uCOSIII/os_cfg_app.o
                0x00005b04                OSCfg_TmrTaskPrio
 *fill*         0x00005b05        0x3 00
 .rodata.OSCfg_TmrTaskRate_Hz
                0x00005b08        0x4 ./Sources/uCOSIII/os_cfg_app.o
                0x00005b08                OSCfg_TmrTaskRate_Hz
 .rodata.OSCfg_TmrTaskStkBasePtr
                0x00005b0c        0x4 ./Sources/uCOSIII/os_cfg_app.o
                0x00005b0c                OSCfg_TmrTaskStkBasePtr
 .rodata.OSCfg_TmrTaskStkLimit
                0x00005b10        0x4 ./Sources/uCOSIII/os_cfg_app.o
                0x00005b10                OSCfg_TmrTaskStkLimit
 .rodata.OSCfg_TmrTaskStkSize
                0x00005b14        0x4 ./Sources/uCOSIII/os_cfg_app.o
                0x00005b14                OSCfg_TmrTaskStkSize
 *(.glue_7)
 .glue_7        0x00000000        0x0 linker stubs
 *(.glue_7t)
 .glue_7t       0x00000000        0x0 linker stubs
 *(.eh_frame)
 *(.init)
 *(.fini)
                0x00005b18                . = ALIGN (0x4)
                0x00005b18                _etext = .

.vfp11_veneer   0x00005b18        0x0
 .vfp11_veneer  0x00000000        0x0 linker stubs

.v4_bx          0x00005b18        0x0
 .v4_bx         0x00000000        0x0 linker stubs

.iplt           0x00005b18        0x0
 .iplt          0x00000000        0x0 ./Project_Settings/Startup_Code/kinetis_sysinit.o

.rel.dyn        0x00005b18        0x0
 .rel.iplt      0x00000000        0x0 ./Project_Settings/Startup_Code/kinetis_sysinit.o

.ARM.extab
 *(.ARM.extab* .gnu.linkonce.armextab.*)

.ARM            0x00005b18        0x0
                0x00005b18                __exidx_start = .
 *(.ARM.exidx*)
                0x00005b18                __exidx_end = .

.ctors          0x00005b18        0x0
                0x00005b18                __CTOR_LIST__ = .
 *crtbegin.o(.ctors)
 *(EXCLUDE_FILE(*crtend.o) .ctors)
 *(SORT(.ctors.*))
 *(.ctors)
                0x00005b18                __CTOR_END__ = .

.dtors          0x00005b18        0x0
                0x00005b18                __DTOR_LIST__ = .
 *crtbegin.o(.dtors)
 *(EXCLUDE_FILE(*crtend.o) .dtors)
 *(SORT(.dtors.*))
 *(.dtors)
                0x00005b18                __DTOR_END__ = .

.preinit_array  0x00005b18        0x0
                0x00005b18                PROVIDE (__preinit_array_start, .)
 *(.preinit_array*)
                0x00005b18                PROVIDE (__preinit_array_end, .)

.init_array     0x00005b18        0x0
                0x00005b18                PROVIDE (__init_array_start, .)
 *(SORT(.init_array.*))
 *(.init_array*)
                0x00005b18                PROVIDE (__init_array_end, .)

.fini_array     0x00005b18        0x0
                0x00005b18                PROVIDE (__fini_array_start, .)
 *(SORT(.fini_array.*))
 *(.fini_array*)
                0x00005b18                PROVIDE (__fini_array_end, .)
                0x00005b18                ___ROM_AT = .

.mtb            0x1fffe000      0x800
                0x1fffe000                . = ALIGN (0x8)
                0x1fffe000                _mtb_start = .
 *(.mtb_buf)
 .mtb_buf       0x1fffe000      0x800 ./Sources/sa_mtb.o
                0x1fffe000                mtb_buf
                0x1fffe800                . = ALIGN (0x8)
                0x1fffe800                _mtb_end = .

.data           0x1fffe800        0x0 load address 0x00005b18
                0x1fffe800                . = ALIGN (0x4)
                0x1fffe800                _sdata = .
 *(.data)
 *(.data*)
                0x1fffe800                . = ALIGN (0x4)
                0x1fffe800                _edata = .
                0x00000000                ___data_size = (_edata - _sdata)

.igot.plt       0x1fffe800        0x0
 .igot.plt      0x00000000        0x0 ./Project_Settings/Startup_Code/kinetis_sysinit.o
                0x1fffe800                . = ALIGN (0x4)

.bss            0x1fffe800     0x2988
                0x1fffe800                __START_BSS = .
                0x1fffe800                PROVIDE (__bss_start__, __START_BSS)
 *(.bss)
 *(.bss*)
 .bss.argv      0x1fffe800        0x4 ./Project_Settings/Startup_Code/__arm_start.o
 .bss.sAppTaskStartTCB
                0x1fffe804       0xbc ./Sources/main.o
 .bss.sAppTaskStartStk
                0x1fffe8c0      0x200 ./Sources/main.o
 .bss.Task1_Tcb
                0x1fffeac0       0xbc ./Sources/main.o
 .bss.Task2_Tcb
                0x1fffeb7c       0xbc ./Sources/main.o
 .bss.sTask1Stk
                0x1fffec38      0x200 ./Sources/main.o
 .bss.sTask2Stk
                0x1fffee38      0x200 ./Sources/main.o
 .bss.BSP_IntVectTbl
                0x1ffff038      0x1a8 ./Sources/uCBsp/bsp_int.o
 .bss.BSP_CPU_ClkFreq_MHz
                0x1ffff1e0        0x4 ./Sources/uCBsp/bsp.o
 .bss.__stdio_exit
                0x1ffff1e4        0x4 C:/Freescale/CW MCU v10.6/MCU/ARM_GCC_Support/ewl/lib/armv6-m\libc.a(exit.o)
                0x1ffff1e4                __stdio_exit
 .bss.__console_exit
                0x1ffff1e8        0x4 C:/Freescale/CW MCU v10.6/MCU/ARM_GCC_Support/ewl/lib/armv6-m\libc.a(exit.o)
                0x1ffff1e8                __console_exit
 .bss.__global_destructor_chain
                0x1ffff1ec        0x4 C:/Freescale/CW MCU v10.6/MCU/ARM_GCC_Support/ewl/lib/armv6-m\librt.a(__arm_eabi_init.o)
                0x1ffff1ec                __global_destructor_chain
 .bss.__S_romp  0x1ffff1f0        0xc C:/Freescale/CW MCU v10.6/MCU/ARM_GCC_Support/ewl/lib/armv6-m\librt.a(ROMCopy.o)
 *(COMMON)
 COMMON         0x1ffff1fc       0x30 ./Sources/uCCpu/cpu_core.o
                0x1ffff1fc                CPU_IntDisMeasMax_cnts
                0x1ffff200                CPU_TS_TmrFreq_Hz
                0x1ffff204                CPU_IntDisMeasStart_cnts
                0x1ffff208                CPU_IntDisNestCtr
                0x1ffff20c                CPU_IntDisMeasStop_cnts
                0x1ffff210                CPU_IntDisMeasMaxCur_cnts
                0x1ffff214                CPU_IntDisMeasCtr
                0x1ffff218                CPU_IntDisMeasOvrhd_cnts
                0x1ffff21c                CPU_Name
 COMMON         0x1ffff22c      0x818 ./Sources/uCLib/lib_mem.o
                0x1ffff22c                Mem_SegHeap
                0x1ffff240                Mem_SegHeadPtr
                0x1ffff244                Mem_Heap
 COMMON         0x1ffffa44        0x4 ./Sources/uCLib/lib_math.o
                0x1ffffa44                Math_RandSeedCur
 COMMON         0x1ffffa48      0x6f4 ./Sources/uCOSIII/os_var.o
                0x1ffffa48                OSSchedLockNestingCtr
                0x1ffffa4c                OS_AppTaskReturnHookPtr
                0x1ffffa50                OSStatTaskTimeMax
                0x1ffffa54                OSStatTaskCtr
                0x1ffffa58                OSTaskRegNextAvailID
                0x1ffffa59                OSRunning
                0x1ffffa5c                OSRdyList
                0x1ffffd5c                OSPrioHighRdy
                0x1ffffd5d                OSStatTaskRdy
                0x1ffffd60                OSSemDbgListPtr
                0x1ffffd64                OS_AppTaskCreateHookPtr
                0x1ffffd68                OSPrioCur
                0x1ffffd6c                OSTickTaskTCB
                0x1ffffe28                OSTmrTickCtr
                0x1ffffe2c                OSSchedLockTimeBegin
                0x1ffffe30                OSTCBCurPtr
                0x1ffffe34                OSQQty
                0x1ffffe36                OSStatTaskCPUUsageMax
                0x1ffffe38                OSPrioSaved
                0x1ffffe3c                OSTCBHighRdyPtr
                0x1ffffe40                OSSchedLockTimeMaxCur
                0x1ffffe44                OSTaskDbgListPtr
                0x1ffffe48                OSTmrTaskTimeMax
                0x1ffffe4c                OS_AppTaskDelHookPtr
                0x1ffffe50                OS_AppTimeTickHookPtr
                0x1ffffe54                OSTaskCtxSwCtr
                0x1ffffe58                OSStatTaskCPUUsage
                0x1ffffe5a                OSIntNestingCtr
                0x1ffffe5c                OSTaskQty
                0x1ffffe60                OSTmrTaskTCB
                0x1fffff1c                OSMsgPool
                0x1fffff28                OSIdleTaskTCB
                0x1fffffe4                OSQDbgListPtr
                0x1fffffe8                OSSemQty
                0x1fffffec                OSMemDbgListPtr
                0x1ffffff0                OSTmrMutex
                0x2000001c                OS_AppIdleTaskHookPtr
                0x20000020                OSStatTaskCtrMax
                0x20000024                OSTickCtr
                0x20000028                OS_AppTaskSwHookPtr
                0x2000002c                OSTmrQty
                0x20000030                OSIntDisTimeMax
                0x20000034                OSIdleTaskCtr
                0x20000038                OSStatTaskCtrRun
                0x2000003c                OS_AppStatTaskHookPtr
                0x20000040                OSFlagQty
                0x20000044                OSFlagDbgListPtr
                0x20000048                OSSchedLockTimeMax
                0x2000004c                OSStatResetFlag
                0x2000004e                OSMemQty
                0x20000050                OSMutexQty
                0x20000054                OSStatTaskTCB
                0x20000110                OSTmrListPtr
                0x20000114                OSTmrDbgListPtr
                0x20000118                OSTickTaskTimeMax
                0x2000011c                OSTmrListEntries
                0x20000120                OSTmrUpdateCnt
                0x20000124                OSMutexDbgListPtr
                0x20000128                OSTickListDly
                0x20000130                OSTmrUpdateCtr
                0x20000134                OSTickListTimeout
 COMMON         0x2000013c        0x8 ./Sources/uCOSIII/os_prio.o
                0x2000013c                OSPrioTbl
 COMMON         0x20000144        0x4 ./Sources/uCOSIII/os_cpu_c.o
                0x20000144                OS_CPU_ExceptStkBase
 COMMON         0x20000148     0x1040 ./Sources/uCOSIII/os_cfg_app.o
                0x20000148                OSCfg_StatTaskStk
                0x20000348                OSCfg_MsgPool
                0x20000988                OSCfg_TmrTaskStk
                0x20000b88                OSCfg_ISRStk
                0x20000d88                OSCfg_TickTaskStk
                0x20000f88                OSCfg_IdleTaskStk
                0x20001188                . = ALIGN (0x4)
                0x20001188                __END_BSS = .
                0x20001188                PROVIDE (__bss_end__, __END_BSS)
                0x00005b18                _romp_at = (___ROM_AT + SIZEOF (.data))

.romp           0x20001188       0x18 load address 0x00005b18
                0x00005b18                __S_romp = _romp_at
                0x20001188        0x4 LONG 0x5b18 ___ROM_AT
                0x2000118c        0x4 LONG 0x1fffe800 _sdata
                0x20001190        0x4 LONG 0x0 ___data_size
                0x20001194        0x4 LONG 0x0
                0x20001198        0x4 LONG 0x0
                0x2000119c        0x4 LONG 0x0

._user_heap_stack
                0x200011a0     0x1000 load address 0x00005b30
                0x200011a0                . = ALIGN (0x4)
                0x200011a0                PROVIDE (end, .)
                0x200011a0                PROVIDE (_end, .)
                0x200011a0                __heap_addr = .
                0x200019a0                . = (. + __heap_size)
 *fill*         0x200011a0      0x800 00
                0x200021a0                . = (. + __stack_size)
 *fill*         0x200019a0      0x800 00
                0x200021a0                . = ALIGN (0x4)

.ARM.attributes
                0x00000000       0x2f
 *(.ARM.attributes)
 .ARM.attributes
                0x00000000       0x31 ./Project_Settings/Startup_Code/kinetis_sysinit.o
 .ARM.attributes
                0x00000031       0x31 ./Project_Settings/Startup_Code/__arm_start.o
 .ARM.attributes
                0x00000062       0x31 ./Project_Settings/Startup_Code/__arm_end.o
 .ARM.attributes
                0x00000093       0x31 ./Sources/Interfaces/iDio.o
 .ARM.attributes
                0x000000c4       0x31 ./Sources/Modules/mLeds.o
 .ARM.attributes
                0x000000f5       0x31 ./Sources/sa_mtb.o
 .ARM.attributes
                0x00000126       0x31 ./Sources/main.o
 .ARM.attributes
                0x00000157       0x31 ./Sources/uCBsp/bsp_int.o
 .ARM.attributes
                0x00000188       0x31 ./Sources/uCBsp/bsp.o
 .ARM.attributes
                0x000001b9       0x31 ./Sources/uCCpu/cpu_core.o
 .ARM.attributes
                0x000001ea       0x31 ./Sources/uCCpu/cpu_bsp.o
 .ARM.attributes
                0x0000021b       0x21 ./Sources/uCCpu/cpu_a.o
 .ARM.attributes
                0x0000023c       0x31 ./Sources/uCLib/lib_str.o
 .ARM.attributes
                0x0000026d       0x31 ./Sources/uCLib/lib_mem.o
 .ARM.attributes
                0x0000029e       0x31 ./Sources/uCLib/lib_math.o
 .ARM.attributes
                0x000002cf       0x31 ./Sources/uCOSIII/os_var.o
 .ARM.attributes
                0x00000300       0x31 ./Sources/uCOSIII/os_tmr.o
 .ARM.attributes
                0x00000331       0x31 ./Sources/uCOSIII/os_time.o
 .ARM.attributes
                0x00000362       0x31 ./Sources/uCOSIII/os_tick.o
 .ARM.attributes
                0x00000393       0x31 ./Sources/uCOSIII/os_task.o
 .ARM.attributes
                0x000003c4       0x31 ./Sources/uCOSIII/os_stat.o
 .ARM.attributes
                0x000003f5       0x31 ./Sources/uCOSIII/os_sem.o
 .ARM.attributes
                0x00000426       0x31 ./Sources/uCOSIII/os_q.o
 .ARM.attributes
                0x00000457       0x31 ./Sources/uCOSIII/os_prio.o
 .ARM.attributes
                0x00000488       0x31 ./Sources/uCOSIII/os_mutex.o
 .ARM.attributes
                0x000004b9       0x31 ./Sources/uCOSIII/os_msg.o
 .ARM.attributes
                0x000004ea       0x31 ./Sources/uCOSIII/os_mem.o
 .ARM.attributes
                0x0000051b       0x31 ./Sources/uCOSIII/os_flag.o
 .ARM.attributes
                0x0000054c       0x31 ./Sources/uCOSIII/os_dbg.o
 .ARM.attributes
                0x0000057d       0x31 ./Sources/uCOSIII/os_cpu_c.o
 .ARM.attributes
                0x000005ae       0x21 ./Sources/uCOSIII/os_cpu_a.o
 .ARM.attributes
                0x000005cf       0x31 ./Sources/uCOSIII/os_core.o
 .ARM.attributes
                0x00000600       0x31 ./Sources/uCOSIII/os_cfg_app.o
 .ARM.attributes
                0x00000631       0x31 C:/Freescale/CW MCU v10.6/MCU/ARM_GCC_Support/ewl/lib/armv6-m\libc.a(exit.o)
 .ARM.attributes
                0x00000662       0x31 C:/Freescale/CW MCU v10.6/MCU/ARM_GCC_Support/ewl/lib/armv6-m\libc.a(memset.o)
 .ARM.attributes
                0x00000693       0x31 C:/Freescale/CW MCU v10.6/MCU/ARM_GCC_Support/ewl/lib/armv6-m\libc.a(__filll_mem.o)
 .ARM.attributes
                0x000006c4       0x1e c:/freescale/cw mcu v10.6/cross_tools/arm-none-eabi-gcc-4_7_3/bin/../lib/gcc/arm-none-eabi/4.7.3/armv6-m\libgcc.a(_udivsi3.o)
 .ARM.attributes
                0x000006e2       0x1e c:/freescale/cw mcu v10.6/cross_tools/arm-none-eabi-gcc-4_7_3/bin/../lib/gcc/arm-none-eabi/4.7.3/armv6-m\libgcc.a(_dvmd_tls.o)
 .ARM.attributes
                0x00000700       0x31 C:/Freescale/CW MCU v10.6/MCU/ARM_GCC_Support/ewl/lib/armv6-m\librt.a(gcc_ctor_dtor.o)
 .ARM.attributes
                0x00000731       0x31 C:/Freescale/CW MCU v10.6/MCU/ARM_GCC_Support/ewl/lib/armv6-m\librt.a(__arm_eabi_init.o)
 .ARM.attributes
                0x00000762       0x31 C:/Freescale/CW MCU v10.6/MCU/ARM_GCC_Support/ewl/lib/armv6-m\librt.a(ROMCopy.o)
OUTPUT(MicroC_OSIII-KL46.elf elf32-littlearm)

.debug_info     0x00000000    0x1645a
 .debug_info    0x00000000      0x46f ./Project_Settings/Startup_Code/kinetis_sysinit.o
 .debug_info    0x0000046f      0x12a ./Project_Settings/Startup_Code/__arm_start.o
 .debug_info    0x00000599       0x54 ./Project_Settings/Startup_Code/__arm_end.o
 .debug_info    0x000005ed      0x54f ./Sources/Interfaces/iDio.o
 .debug_info    0x00000b3c      0x384 ./Sources/Modules/mLeds.o
 .debug_info    0x00000ec0       0x53 ./Sources/sa_mtb.o
 .debug_info    0x00000f13      0xfb0 ./Sources/main.o
 .debug_info    0x00001ec3      0x539 ./Sources/uCBsp/bsp_int.o
 .debug_info    0x000023fc      0x529 ./Sources/uCBsp/bsp.o
 .debug_info    0x00002925      0x8c2 ./Sources/uCCpu/cpu_core.o
 .debug_info    0x000031e7      0x14e ./Sources/uCCpu/cpu_bsp.o
 .debug_info    0x00003335       0x72 ./Sources/uCCpu/cpu_a.o
 .debug_info    0x000033a7      0xdab ./Sources/uCLib/lib_str.o
 .debug_info    0x00004152     0x1347 ./Sources/uCLib/lib_mem.o
 .debug_info    0x00005499      0x173 ./Sources/uCLib/lib_math.o
 .debug_info    0x0000560c     0x1115 ./Sources/uCOSIII/os_var.o
 .debug_info    0x00006721     0x13d9 ./Sources/uCOSIII/os_tmr.o
 .debug_info    0x00007afa      0xf12 ./Sources/uCOSIII/os_time.o
 .debug_info    0x00008a0c      0xff8 ./Sources/uCOSIII/os_tick.o
 .debug_info    0x00009a04     0x172a ./Sources/uCOSIII/os_task.o
 .debug_info    0x0000b12e     0x10c9 ./Sources/uCOSIII/os_stat.o
 .debug_info    0x0000c1f7     0x11f2 ./Sources/uCOSIII/os_sem.o
 .debug_info    0x0000d3e9     0x1213 ./Sources/uCOSIII/os_q.o
 .debug_info    0x0000e5fc      0x1cc ./Sources/uCOSIII/os_prio.o
 .debug_info    0x0000e7c8     0x1129 ./Sources/uCOSIII/os_mutex.o
 .debug_info    0x0000f8f1      0x928 ./Sources/uCOSIII/os_msg.o
 .debug_info    0x00010219      0x8a3 ./Sources/uCOSIII/os_mem.o
 .debug_info    0x00010abc     0x12fd ./Sources/uCOSIII/os_flag.o
 .debug_info    0x00011db9     0x1592 ./Sources/uCOSIII/os_dbg.o
 .debug_info    0x0001334b      0xa64 ./Sources/uCOSIII/os_cpu_c.o
 .debug_info    0x00013daf       0x77 ./Sources/uCOSIII/os_cpu_a.o
 .debug_info    0x00013e26     0x18c1 ./Sources/uCOSIII/os_core.o
 .debug_info    0x000156e7      0x4de ./Sources/uCOSIII/os_cfg_app.o
 .debug_info    0x00015bc5       0xe8 C:/Freescale/CW MCU v10.6/MCU/ARM_GCC_Support/ewl/lib/armv6-m\libc.a(exit.o)
 .debug_info    0x00015cad       0xec C:/Freescale/CW MCU v10.6/MCU/ARM_GCC_Support/ewl/lib/armv6-m\libc.a(memset.o)
 .debug_info    0x00015d99      0x137 C:/Freescale/CW MCU v10.6/MCU/ARM_GCC_Support/ewl/lib/armv6-m\libc.a(__filll_mem.o)
 .debug_info    0x00015ed0      0x136 C:/Freescale/CW MCU v10.6/MCU/ARM_GCC_Support/ewl/lib/armv6-m\librt.a(gcc_ctor_dtor.o)
 .debug_info    0x00016006      0x2b9 C:/Freescale/CW MCU v10.6/MCU/ARM_GCC_Support/ewl/lib/armv6-m\librt.a(__arm_eabi_init.o)
 .debug_info    0x000162bf      0x19b C:/Freescale/CW MCU v10.6/MCU/ARM_GCC_Support/ewl/lib/armv6-m\librt.a(ROMCopy.o)

.debug_abbrev   0x00000000     0x28a0
 .debug_abbrev  0x00000000       0xe7 ./Project_Settings/Startup_Code/kinetis_sysinit.o
 .debug_abbrev  0x000000e7       0x92 ./Project_Settings/Startup_Code/__arm_start.o
 .debug_abbrev  0x00000179       0x4c ./Project_Settings/Startup_Code/__arm_end.o
 .debug_abbrev  0x000001c5       0xe9 ./Sources/Interfaces/iDio.o
 .debug_abbrev  0x000002ae       0x93 ./Sources/Modules/mLeds.o
 .debug_abbrev  0x00000341       0x40 ./Sources/sa_mtb.o
 .debug_abbrev  0x00000381      0x140 ./Sources/main.o
 .debug_abbrev  0x000004c1      0x13e ./Sources/uCBsp/bsp_int.o
 .debug_abbrev  0x000005ff      0x15f ./Sources/uCBsp/bsp.o
 .debug_abbrev  0x0000075e      0x182 ./Sources/uCCpu/cpu_core.o
 .debug_abbrev  0x000008e0       0xa9 ./Sources/uCCpu/cpu_bsp.o
 .debug_abbrev  0x00000989       0x14 ./Sources/uCCpu/cpu_a.o
 .debug_abbrev  0x0000099d      0x109 ./Sources/uCLib/lib_str.o
 .debug_abbrev  0x00000aa6      0x17e ./Sources/uCLib/lib_mem.o
 .debug_abbrev  0x00000c24       0xed ./Sources/uCLib/lib_math.o
 .debug_abbrev  0x00000d11       0xb9 ./Sources/uCOSIII/os_var.o
 .debug_abbrev  0x00000dca      0x1c4 ./Sources/uCOSIII/os_tmr.o
 .debug_abbrev  0x00000f8e      0x172 ./Sources/uCOSIII/os_time.o
 .debug_abbrev  0x00001100      0x185 ./Sources/uCOSIII/os_tick.o
 .debug_abbrev  0x00001285      0x16b ./Sources/uCOSIII/os_task.o
 .debug_abbrev  0x000013f0      0x159 ./Sources/uCOSIII/os_stat.o
 .debug_abbrev  0x00001549      0x1a2 ./Sources/uCOSIII/os_sem.o
 .debug_abbrev  0x000016eb      0x1a2 ./Sources/uCOSIII/os_q.o
 .debug_abbrev  0x0000188d       0xbe ./Sources/uCOSIII/os_prio.o
 .debug_abbrev  0x0000194b      0x1a2 ./Sources/uCOSIII/os_mutex.o
 .debug_abbrev  0x00001aed      0x141 ./Sources/uCOSIII/os_msg.o
 .debug_abbrev  0x00001c2e      0x12b ./Sources/uCOSIII/os_mem.o
 .debug_abbrev  0x00001d59      0x1a2 ./Sources/uCOSIII/os_flag.o
 .debug_abbrev  0x00001efb       0xf7 ./Sources/uCOSIII/os_dbg.o
 .debug_abbrev  0x00001ff2      0x194 ./Sources/uCOSIII/os_cpu_c.o
 .debug_abbrev  0x00002186       0x14 ./Sources/uCOSIII/os_cpu_a.o
 .debug_abbrev  0x0000219a      0x18e ./Sources/uCOSIII/os_core.o
 .debug_abbrev  0x00002328       0xb8 ./Sources/uCOSIII/os_cfg_app.o
 .debug_abbrev  0x000023e0       0x7a C:/Freescale/CW MCU v10.6/MCU/ARM_GCC_Support/ewl/lib/armv6-m\libc.a(exit.o)
 .debug_abbrev  0x0000245a       0x62 C:/Freescale/CW MCU v10.6/MCU/ARM_GCC_Support/ewl/lib/armv6-m\libc.a(memset.o)
 .debug_abbrev  0x000024bc       0x78 C:/Freescale/CW MCU v10.6/MCU/ARM_GCC_Support/ewl/lib/armv6-m\libc.a(__filll_mem.o)
 .debug_abbrev  0x00002534       0x99 C:/Freescale/CW MCU v10.6/MCU/ARM_GCC_Support/ewl/lib/armv6-m\librt.a(gcc_ctor_dtor.o)
 .debug_abbrev  0x000025cd      0x1b3 C:/Freescale/CW MCU v10.6/MCU/ARM_GCC_Support/ewl/lib/armv6-m\librt.a(__arm_eabi_init.o)
 .debug_abbrev  0x00002780      0x120 C:/Freescale/CW MCU v10.6/MCU/ARM_GCC_Support/ewl/lib/armv6-m\librt.a(ROMCopy.o)

.debug_loc      0x00000000     0x481d
 .debug_loc     0x00000000       0xb0 ./Project_Settings/Startup_Code/kinetis_sysinit.o
 .debug_loc     0x000000b0       0x2c ./Project_Settings/Startup_Code/__arm_start.o
 .debug_loc     0x000000dc       0x38 ./Project_Settings/Startup_Code/__arm_end.o
 .debug_loc     0x00000114      0x150 ./Sources/Interfaces/iDio.o
 .debug_loc     0x00000264       0x64 ./Sources/Modules/mLeds.o
 .debug_loc     0x000002c8       0xe1 ./Sources/main.o
 .debug_loc     0x000003a9      0x760 ./Sources/uCBsp/bsp_int.o
 .debug_loc     0x00000b09      0x158 ./Sources/uCBsp/bsp.o
 .debug_loc     0x00000c61      0x5da ./Sources/uCCpu/cpu_core.o
 .debug_loc     0x0000123b       0xa8 ./Sources/uCCpu/cpu_bsp.o
 .debug_loc     0x000012e3      0x544 ./Sources/uCLib/lib_str.o
 .debug_loc     0x00001827      0x661 ./Sources/uCLib/lib_mem.o
 .debug_loc     0x00001e88       0xd4 ./Sources/uCLib/lib_math.o
 .debug_loc     0x00001f5c      0x33d ./Sources/uCOSIII/os_tmr.o
 .debug_loc     0x00002299      0x150 ./Sources/uCOSIII/os_time.o
 .debug_loc     0x000023e9      0x1b5 ./Sources/uCOSIII/os_tick.o
 .debug_loc     0x0000259e      0x5b1 ./Sources/uCOSIII/os_task.o
 .debug_loc     0x00002b4f       0xe3 ./Sources/uCOSIII/os_stat.o
 .debug_loc     0x00002c32      0x26b ./Sources/uCOSIII/os_sem.o
 .debug_loc     0x00002e9d      0x26b ./Sources/uCOSIII/os_q.o
 .debug_loc     0x00003108       0xe0 ./Sources/uCOSIII/os_prio.o
 .debug_loc     0x000031e8      0x1fa ./Sources/uCOSIII/os_mutex.o
 .debug_loc     0x000033e2      0x118 ./Sources/uCOSIII/os_msg.o
 .debug_loc     0x000034fa      0x118 ./Sources/uCOSIII/os_mem.o
 .debug_loc     0x00003612      0x2da ./Sources/uCOSIII/os_flag.o
 .debug_loc     0x000038ec       0x38 ./Sources/uCOSIII/os_dbg.o
 .debug_loc     0x00003924      0x238 ./Sources/uCOSIII/os_cpu_c.o
 .debug_loc     0x00003b5c      0x791 ./Sources/uCOSIII/os_core.o
 .debug_loc     0x000042ed       0x2c ./Sources/uCOSIII/os_cfg_app.o
 .debug_loc     0x00004319       0x3e C:/Freescale/CW MCU v10.6/MCU/ARM_GCC_Support/ewl/lib/armv6-m\libc.a(exit.o)
 .debug_loc     0x00004357       0x6f C:/Freescale/CW MCU v10.6/MCU/ARM_GCC_Support/ewl/lib/armv6-m\libc.a(memset.o)
 .debug_loc     0x000043c6      0x14a C:/Freescale/CW MCU v10.6/MCU/ARM_GCC_Support/ewl/lib/armv6-m\libc.a(__filll_mem.o)
 .debug_loc     0x00004510       0x9d C:/Freescale/CW MCU v10.6/MCU/ARM_GCC_Support/ewl/lib/armv6-m\librt.a(gcc_ctor_dtor.o)
 .debug_loc     0x000045ad      0x197 C:/Freescale/CW MCU v10.6/MCU/ARM_GCC_Support/ewl/lib/armv6-m\librt.a(__arm_eabi_init.o)
 .debug_loc     0x00004744       0xd9 C:/Freescale/CW MCU v10.6/MCU/ARM_GCC_Support/ewl/lib/armv6-m\librt.a(ROMCopy.o)

.debug_aranges  0x00000000      0xe40
 .debug_aranges
                0x00000000       0x38 ./Project_Settings/Startup_Code/kinetis_sysinit.o
 .debug_aranges
                0x00000038       0x30 ./Project_Settings/Startup_Code/__arm_start.o
 .debug_aranges
                0x00000068       0x20 ./Project_Settings/Startup_Code/__arm_end.o
 .debug_aranges
                0x00000088       0x48 ./Sources/Interfaces/iDio.o
 .debug_aranges
                0x000000d0       0x28 ./Sources/Modules/mLeds.o
 .debug_aranges
                0x000000f8       0x18 ./Sources/sa_mtb.o
 .debug_aranges
                0x00000110       0x38 ./Sources/main.o
 .debug_aranges
                0x00000148      0x160 ./Sources/uCBsp/bsp_int.o
 .debug_aranges
                0x000002a8       0x50 ./Sources/uCBsp/bsp.o
 .debug_aranges
                0x000002f8       0xf8 ./Sources/uCCpu/cpu_core.o
 .debug_aranges
                0x000003f0       0x30 ./Sources/uCCpu/cpu_bsp.o
 .debug_aranges
                0x00000420       0x20 ./Sources/uCCpu/cpu_a.o
 .debug_aranges
                0x00000440       0xd8 ./Sources/uCLib/lib_str.o
 .debug_aranges
                0x00000518      0x100 ./Sources/uCLib/lib_mem.o
 .debug_aranges
                0x00000618       0x38 ./Sources/uCLib/lib_math.o
 .debug_aranges
                0x00000650       0x18 ./Sources/uCOSIII/os_var.o
 .debug_aranges
                0x00000668       0x90 ./Sources/uCOSIII/os_tmr.o
 .debug_aranges
                0x000006f8       0x48 ./Sources/uCOSIII/os_time.o
 .debug_aranges
                0x00000740       0x58 ./Sources/uCOSIII/os_tick.o
 .debug_aranges
                0x00000798       0xe8 ./Sources/uCOSIII/os_task.o
 .debug_aranges
                0x00000880       0x38 ./Sources/uCOSIII/os_stat.o
 .debug_aranges
                0x000008b8       0x70 ./Sources/uCOSIII/os_sem.o
 .debug_aranges
                0x00000928       0x70 ./Sources/uCOSIII/os_q.o
 .debug_aranges
                0x00000998       0x38 ./Sources/uCOSIII/os_prio.o
 .debug_aranges
                0x000009d0       0x60 ./Sources/uCOSIII/os_mutex.o
 .debug_aranges
                0x00000a30       0x40 ./Sources/uCOSIII/os_msg.o
 .debug_aranges
                0x00000a70       0x40 ./Sources/uCOSIII/os_mem.o
 .debug_aranges
                0x00000ab0       0x80 ./Sources/uCOSIII/os_flag.o
 .debug_aranges
                0x00000b30       0x20 ./Sources/uCOSIII/os_dbg.o
 .debug_aranges
                0x00000b50       0x70 ./Sources/uCOSIII/os_cpu_c.o
 .debug_aranges
                0x00000bc0       0x20 ./Sources/uCOSIII/os_cpu_a.o
 .debug_aranges
                0x00000be0      0x130 ./Sources/uCOSIII/os_core.o
 .debug_aranges
                0x00000d10       0x20 ./Sources/uCOSIII/os_cfg_app.o
 .debug_aranges
                0x00000d30       0x20 C:/Freescale/CW MCU v10.6/MCU/ARM_GCC_Support/ewl/lib/armv6-m\libc.a(exit.o)
 .debug_aranges
                0x00000d50       0x20 C:/Freescale/CW MCU v10.6/MCU/ARM_GCC_Support/ewl/lib/armv6-m\libc.a(memset.o)
 .debug_aranges
                0x00000d70       0x20 C:/Freescale/CW MCU v10.6/MCU/ARM_GCC_Support/ewl/lib/armv6-m\libc.a(__filll_mem.o)
 .debug_aranges
                0x00000d90       0x28 C:/Freescale/CW MCU v10.6/MCU/ARM_GCC_Support/ewl/lib/armv6-m\librt.a(gcc_ctor_dtor.o)
 .debug_aranges
                0x00000db8       0x58 C:/Freescale/CW MCU v10.6/MCU/ARM_GCC_Support/ewl/lib/armv6-m\librt.a(__arm_eabi_init.o)
 .debug_aranges
                0x00000e10       0x30 C:/Freescale/CW MCU v10.6/MCU/ARM_GCC_Support/ewl/lib/armv6-m\librt.a(ROMCopy.o)

.debug_macinfo  0x00000000   0x240ba1
 .debug_macinfo
                0x00000000    0x321fa ./Project_Settings/Startup_Code/kinetis_sysinit.o
 .debug_macinfo
                0x000321fa     0x3e83 ./Project_Settings/Startup_Code/__arm_start.o
 .debug_macinfo
                0x0003607d     0x346c ./Project_Settings/Startup_Code/__arm_end.o
 .debug_macinfo
                0x000394e9    0x32461 ./Sources/Interfaces/iDio.o
 .debug_macinfo
                0x0006b94a     0x25ab ./Sources/Modules/mLeds.o
 .debug_macinfo
                0x0006def5     0x2505 ./Sources/sa_mtb.o
 .debug_macinfo
                0x000703fa    0x41a57 ./Sources/main.o
 .debug_macinfo
                0x000b1e51    0x10a7d ./Sources/uCBsp/bsp_int.o
 .debug_macinfo
                0x000c28ce    0x3fb28 ./Sources/uCBsp/bsp.o
 .debug_macinfo
                0x001023f6     0xb0f8 ./Sources/uCCpu/cpu_core.o
 .debug_macinfo
                0x0010d4ee    0x3e1b1 ./Sources/uCCpu/cpu_bsp.o
 .debug_macinfo
                0x0014b69f     0x875d ./Sources/uCLib/lib_str.o
 .debug_macinfo
                0x00153dfc     0xb2ae ./Sources/uCLib/lib_mem.o
 .debug_macinfo
                0x0015f0aa     0xb2aa ./Sources/uCLib/lib_math.o
 .debug_macinfo
                0x0016a354     0xc9ac ./Sources/uCOSIII/os_var.o
 .debug_macinfo
                0x00176d00     0xc9e7 ./Sources/uCOSIII/os_tmr.o
 .debug_macinfo
                0x001836e7     0xc9a4 ./Sources/uCOSIII/os_time.o
 .debug_macinfo
                0x0019008b     0xc9a4 ./Sources/uCOSIII/os_tick.o
 .debug_macinfo
                0x0019ca2f     0xc9a4 ./Sources/uCOSIII/os_task.o
 .debug_macinfo
                0x001a93d3     0xc9a4 ./Sources/uCOSIII/os_stat.o
 .debug_macinfo
                0x001b5d77     0xc9a4 ./Sources/uCOSIII/os_sem.o
 .debug_macinfo
                0x001c271b     0xc9a4 ./Sources/uCOSIII/os_q.o
 .debug_macinfo
                0x001cf0bf     0xc9a4 ./Sources/uCOSIII/os_prio.o
 .debug_macinfo
                0x001dba63     0xc9a4 ./Sources/uCOSIII/os_mutex.o
 .debug_macinfo
                0x001e8407     0xc9a4 ./Sources/uCOSIII/os_msg.o
 .debug_macinfo
                0x001f4dab     0xc9a4 ./Sources/uCOSIII/os_mem.o
 .debug_macinfo
                0x0020174f     0xc9a4 ./Sources/uCOSIII/os_flag.o
 .debug_macinfo
                0x0020e0f3     0xc9a4 ./Sources/uCOSIII/os_dbg.o
 .debug_macinfo
                0x0021aa97     0xc99e ./Sources/uCOSIII/os_cpu_c.o
 .debug_macinfo
                0x00227435     0xc9a4 ./Sources/uCOSIII/os_core.o
 .debug_macinfo
                0x00233dd9     0xcdc8 ./Sources/uCOSIII/os_cfg_app.o

.debug_line     0x00000000     0x73db
 .debug_line    0x00000000      0x23a ./Project_Settings/Startup_Code/kinetis_sysinit.o
 .debug_line    0x0000023a      0x29b ./Project_Settings/Startup_Code/__arm_start.o
 .debug_line    0x000004d5      0x266 ./Project_Settings/Startup_Code/__arm_end.o
 .debug_line    0x0000073b      0x2b5 ./Sources/Interfaces/iDio.o
 .debug_line    0x000009f0      0x17c ./Sources/Modules/mLeds.o
 .debug_line    0x00000b6c       0xaa ./Sources/sa_mtb.o
 .debug_line    0x00000c16      0x61f ./Sources/main.o
 .debug_line    0x00001235      0x6b9 ./Sources/uCBsp/bsp_int.o
 .debug_line    0x000018ee      0x50f ./Sources/uCBsp/bsp.o
 .debug_line    0x00001dfd      0x460 ./Sources/uCCpu/cpu_core.o
 .debug_line    0x0000225d      0x41a ./Sources/uCCpu/cpu_bsp.o
 .debug_line    0x00002677       0x5b ./Sources/uCCpu/cpu_a.o
 .debug_line    0x000026d2      0x543 ./Sources/uCLib/lib_str.o
 .debug_line    0x00002c15      0x5d3 ./Sources/uCLib/lib_mem.o
 .debug_line    0x000031e8      0x1f8 ./Sources/uCLib/lib_math.o
 .debug_line    0x000033e0      0x200 ./Sources/uCOSIII/os_var.o
 .debug_line    0x000035e0      0x424 ./Sources/uCOSIII/os_tmr.o
 .debug_line    0x00003a04      0x2f4 ./Sources/uCOSIII/os_time.o
 .debug_line    0x00003cf8      0x363 ./Sources/uCOSIII/os_tick.o
 .debug_line    0x0000405b      0x667 ./Sources/uCOSIII/os_task.o
 .debug_line    0x000046c2      0x30a ./Sources/uCOSIII/os_stat.o
 .debug_line    0x000049cc      0x3ac ./Sources/uCOSIII/os_sem.o
 .debug_line    0x00004d78      0x39e ./Sources/uCOSIII/os_q.o
 .debug_line    0x00005116      0x25c ./Sources/uCOSIII/os_prio.o
 .debug_line    0x00005372      0x3b5 ./Sources/uCOSIII/os_mutex.o
 .debug_line    0x00005727      0x2ba ./Sources/uCOSIII/os_msg.o
 .debug_line    0x000059e1      0x29b ./Sources/uCOSIII/os_mem.o
 .debug_line    0x00005c7c      0x45c ./Sources/uCOSIII/os_flag.o
 .debug_line    0x000060d8      0x257 ./Sources/uCOSIII/os_dbg.o
 .debug_line    0x0000632f      0x2f7 ./Sources/uCOSIII/os_cpu_c.o
 .debug_line    0x00006626       0x97 ./Sources/uCOSIII/os_cpu_a.o
 .debug_line    0x000066bd      0x6a4 ./Sources/uCOSIII/os_core.o
 .debug_line    0x00006d61      0x227 ./Sources/uCOSIII/os_cfg_app.o
 .debug_line    0x00006f88       0x8d C:/Freescale/CW MCU v10.6/MCU/ARM_GCC_Support/ewl/lib/armv6-m\libc.a(exit.o)
 .debug_line    0x00007015       0x90 C:/Freescale/CW MCU v10.6/MCU/ARM_GCC_Support/ewl/lib/armv6-m\libc.a(memset.o)
 .debug_line    0x000070a5       0xf6 C:/Freescale/CW MCU v10.6/MCU/ARM_GCC_Support/ewl/lib/armv6-m\libc.a(__filll_mem.o)
 .debug_line    0x0000719b       0x6c C:/Freescale/CW MCU v10.6/MCU/ARM_GCC_Support/ewl/lib/armv6-m\librt.a(gcc_ctor_dtor.o)
 .debug_line    0x00007207      0x117 C:/Freescale/CW MCU v10.6/MCU/ARM_GCC_Support/ewl/lib/armv6-m\librt.a(__arm_eabi_init.o)
 .debug_line    0x0000731e       0xbd C:/Freescale/CW MCU v10.6/MCU/ARM_GCC_Support/ewl/lib/armv6-m\librt.a(ROMCopy.o)

.debug_str      0x00000000     0x4ef9
 .debug_str     0x00000000      0x2ba ./Project_Settings/Startup_Code/kinetis_sysinit.o
                                0x2e1 (size before relaxing)
 .debug_str     0x000002ba       0x85 ./Project_Settings/Startup_Code/__arm_start.o
                                0x19a (size before relaxing)
 .debug_str     0x0000033f       0x41 ./Project_Settings/Startup_Code/__arm_end.o
                                 0xd1 (size before relaxing)
 .debug_str     0x00000380      0x409 ./Sources/Interfaces/iDio.o
                                0x51a (size before relaxing)
 .debug_str     0x00000789       0xbc ./Sources/Modules/mLeds.o
                                0x453 (size before relaxing)
 .debug_str     0x00000845       0x1c ./Sources/sa_mtb.o
                                 0xb6 (size before relaxing)
 .debug_str     0x00000861     0x10f7 ./Sources/main.o
                               0x13a0 (size before relaxing)
 .debug_str     0x00001958      0x35b ./Sources/uCBsp/bsp_int.o
                                0x48f (size before relaxing)
 .debug_str     0x00001cb3      0x152 ./Sources/uCBsp/bsp.o
                                0x3a5 (size before relaxing)
 .debug_str     0x00001e05      0x396 ./Sources/uCCpu/cpu_core.o
                                0x550 (size before relaxing)
 .debug_str     0x0000219b       0x7c ./Sources/uCCpu/cpu_bsp.o
                                0x1c8 (size before relaxing)
 .debug_str     0x00002217      0x488 ./Sources/uCLib/lib_str.o
                                0x603 (size before relaxing)
 .debug_str     0x0000269f      0x873 ./Sources/uCLib/lib_mem.o
                                0xa1d (size before relaxing)
 .debug_str     0x00002f12       0x77 ./Sources/uCLib/lib_math.o
                                0x18e (size before relaxing)
 .debug_str     0x00002f89      0x552 ./Sources/uCOSIII/os_var.o
                                0xac8 (size before relaxing)
 .debug_str     0x000034db      0x1d1 ./Sources/uCOSIII/os_tmr.o
                               0x14f5 (size before relaxing)
 .debug_str     0x000036ac       0x99 ./Sources/uCOSIII/os_time.o
                               0x12ec (size before relaxing)
 .debug_str     0x00003745      0x14d ./Sources/uCOSIII/os_tick.o
                               0x1390 (size before relaxing)
 .debug_str     0x00003892      0x253 ./Sources/uCOSIII/os_task.o
                               0x14d9 (size before relaxing)
 .debug_str     0x00003ae5      0x120 ./Sources/uCOSIII/os_stat.o
                               0x148d (size before relaxing)
 .debug_str     0x00003c05       0xf1 ./Sources/uCOSIII/os_sem.o
                               0x1322 (size before relaxing)
 .debug_str     0x00003cf6       0xb0 ./Sources/uCOSIII/os_q.o
                               0x132f (size before relaxing)
 .debug_str     0x00003da6       0x6f ./Sources/uCOSIII/os_prio.o
                                0x1a2 (size before relaxing)
 .debug_str     0x00003e15       0xd9 ./Sources/uCOSIII/os_mutex.o
                               0x136c (size before relaxing)
 .debug_str     0x00003eee       0xa6 ./Sources/uCOSIII/os_msg.o
                                0xf29 (size before relaxing)
 .debug_str     0x00003f94       0x6b ./Sources/uCOSIII/os_mem.o
                                0xeea (size before relaxing)
 .debug_str     0x00003fff      0x119 ./Sources/uCOSIII/os_flag.o
                               0x139b (size before relaxing)
 .debug_str     0x00004118      0x4d8 ./Sources/uCOSIII/os_dbg.o
                                0xf97 (size before relaxing)
 .debug_str     0x000045f0      0x111 ./Sources/uCOSIII/os_cpu_c.o
                                0x7bf (size before relaxing)
 .debug_str     0x00004701      0x2db ./Sources/uCOSIII/os_core.o
                               0x1754 (size before relaxing)
 .debug_str     0x000049dc      0x1cf ./Sources/uCOSIII/os_cfg_app.o
                                0x561 (size before relaxing)
 .debug_str     0x00004bab       0x4e C:/Freescale/CW MCU v10.6/MCU/ARM_GCC_Support/ewl/lib/armv6-m\libc.a(exit.o)
                                0x157 (size before relaxing)
 .debug_str     0x00004bf9       0x23 C:/Freescale/CW MCU v10.6/MCU/ARM_GCC_Support/ewl/lib/armv6-m\libc.a(memset.o)
                                0x140 (size before relaxing)
 .debug_str     0x00004c1c       0x2d C:/Freescale/CW MCU v10.6/MCU/ARM_GCC_Support/ewl/lib/armv6-m\libc.a(__filll_mem.o)
                                0x152 (size before relaxing)
 .debug_str     0x00004c49      0x126 C:/Freescale/CW MCU v10.6/MCU/ARM_GCC_Support/ewl/lib/armv6-m\librt.a(gcc_ctor_dtor.o)
                                0x181 (size before relaxing)
 .debug_str     0x00004d6f       0xee C:/Freescale/CW MCU v10.6/MCU/ARM_GCC_Support/ewl/lib/armv6-m\librt.a(__arm_eabi_init.o)
                                0x1b5 (size before relaxing)
 .debug_str     0x00004e5d       0x9c C:/Freescale/CW MCU v10.6/MCU/ARM_GCC_Support/ewl/lib/armv6-m\librt.a(ROMCopy.o)
                                0x13c (size before relaxing)

.comment        0x00000000       0x79
 .comment       0x00000000       0x79 ./Project_Settings/Startup_Code/kinetis_sysinit.o
                                 0x7a (size before relaxing)
 .comment       0x00000000       0x7a ./Project_Settings/Startup_Code/__arm_start.o
 .comment       0x00000000       0x7a ./Project_Settings/Startup_Code/__arm_end.o
 .comment       0x00000000       0x7a ./Sources/Interfaces/iDio.o
 .comment       0x00000000       0x7a ./Sources/Modules/mLeds.o
 .comment       0x00000000       0x7a ./Sources/sa_mtb.o
 .comment       0x00000000       0x7a ./Sources/main.o
 .comment       0x00000000       0x7a ./Sources/uCBsp/bsp_int.o
 .comment       0x00000000       0x7a ./Sources/uCBsp/bsp.o
 .comment       0x00000000       0x7a ./Sources/uCCpu/cpu_core.o
 .comment       0x00000000       0x7a ./Sources/uCCpu/cpu_bsp.o
 .comment       0x00000000       0x7a ./Sources/uCLib/lib_str.o
 .comment       0x00000000       0x7a ./Sources/uCLib/lib_mem.o
 .comment       0x00000000       0x7a ./Sources/uCLib/lib_math.o
 .comment       0x00000000       0x7a ./Sources/uCOSIII/os_var.o
 .comment       0x00000000       0x7a ./Sources/uCOSIII/os_tmr.o
 .comment       0x00000000       0x7a ./Sources/uCOSIII/os_time.o
 .comment       0x00000000       0x7a ./Sources/uCOSIII/os_tick.o
 .comment       0x00000000       0x7a ./Sources/uCOSIII/os_task.o
 .comment       0x00000000       0x7a ./Sources/uCOSIII/os_stat.o
 .comment       0x00000000       0x7a ./Sources/uCOSIII/os_sem.o
 .comment       0x00000000       0x7a ./Sources/uCOSIII/os_q.o
 .comment       0x00000000       0x7a ./Sources/uCOSIII/os_prio.o
 .comment       0x00000000       0x7a ./Sources/uCOSIII/os_mutex.o
 .comment       0x00000000       0x7a ./Sources/uCOSIII/os_msg.o
 .comment       0x00000000       0x7a ./Sources/uCOSIII/os_mem.o
 .comment       0x00000000       0x7a ./Sources/uCOSIII/os_flag.o
 .comment       0x00000000       0x7a ./Sources/uCOSIII/os_dbg.o
 .comment       0x00000000       0x7a ./Sources/uCOSIII/os_cpu_c.o
 .comment       0x00000000       0x7a ./Sources/uCOSIII/os_core.o
 .comment       0x00000000       0x7a ./Sources/uCOSIII/os_cfg_app.o
 .comment       0x00000000       0x7a C:/Freescale/CW MCU v10.6/MCU/ARM_GCC_Support/ewl/lib/armv6-m\libc.a(exit.o)
 .comment       0x00000000       0x7a C:/Freescale/CW MCU v10.6/MCU/ARM_GCC_Support/ewl/lib/armv6-m\libc.a(memset.o)
 .comment       0x00000000       0x7a C:/Freescale/CW MCU v10.6/MCU/ARM_GCC_Support/ewl/lib/armv6-m\libc.a(__filll_mem.o)
 .comment       0x00000000       0x7a C:/Freescale/CW MCU v10.6/MCU/ARM_GCC_Support/ewl/lib/armv6-m\librt.a(gcc_ctor_dtor.o)
 .comment       0x00000000       0x7a C:/Freescale/CW MCU v10.6/MCU/ARM_GCC_Support/ewl/lib/armv6-m\librt.a(__arm_eabi_init.o)
 .comment       0x00000000       0x7a C:/Freescale/CW MCU v10.6/MCU/ARM_GCC_Support/ewl/lib/armv6-m\librt.a(ROMCopy.o)

.debug_frame    0x00000000     0x2aec
 .debug_frame   0x00000000       0x80 ./Project_Settings/Startup_Code/kinetis_sysinit.o
 .debug_frame   0x00000080       0x4c ./Project_Settings/Startup_Code/__arm_start.o
 .debug_frame   0x000000cc       0x30 ./Project_Settings/Startup_Code/__arm_end.o
 .debug_frame   0x000000fc       0xd0 ./Sources/Interfaces/iDio.o
 .debug_frame   0x000001cc       0x4c ./Sources/Modules/mLeds.o
 .debug_frame   0x00000218       0x90 ./Sources/main.o
 .debug_frame   0x000002a8      0x4a8 ./Sources/uCBsp/bsp_int.o
 .debug_frame   0x00000750       0xe0 ./Sources/uCBsp/bsp.o
 .debug_frame   0x00000830      0x37c ./Sources/uCCpu/cpu_core.o
 .debug_frame   0x00000bac       0x74 ./Sources/uCCpu/cpu_bsp.o
 .debug_frame   0x00000c20      0x310 ./Sources/uCLib/lib_str.o
 .debug_frame   0x00000f30      0x3b4 ./Sources/uCLib/lib_mem.o
 .debug_frame   0x000012e4       0x8c ./Sources/uCLib/lib_math.o
 .debug_frame   0x00001370      0x1f0 ./Sources/uCOSIII/os_tmr.o
 .debug_frame   0x00001560       0xd0 ./Sources/uCOSIII/os_time.o
 .debug_frame   0x00001630      0x110 ./Sources/uCOSIII/os_tick.o
 .debug_frame   0x00001740      0x350 ./Sources/uCOSIII/os_task.o
 .debug_frame   0x00001a90       0x94 ./Sources/uCOSIII/os_stat.o
 .debug_frame   0x00001b24      0x170 ./Sources/uCOSIII/os_sem.o
 .debug_frame   0x00001c94      0x170 ./Sources/uCOSIII/os_q.o
 .debug_frame   0x00001e04       0x90 ./Sources/uCOSIII/os_prio.o
 .debug_frame   0x00001e94      0x130 ./Sources/uCOSIII/os_mutex.o
 .debug_frame   0x00001fc4       0xb0 ./Sources/uCOSIII/os_msg.o
 .debug_frame   0x00002074       0xb0 ./Sources/uCOSIII/os_mem.o
 .debug_frame   0x00002124      0x1b0 ./Sources/uCOSIII/os_flag.o
 .debug_frame   0x000022d4       0x30 ./Sources/uCOSIII/os_dbg.o
 .debug_frame   0x00002304      0x160 ./Sources/uCOSIII/os_cpu_c.o
 .debug_frame   0x00002464      0x46c ./Sources/uCOSIII/os_core.o
 .debug_frame   0x000028d0       0x2c ./Sources/uCOSIII/os_cfg_app.o
 .debug_frame   0x000028fc       0x2c C:/Freescale/CW MCU v10.6/MCU/ARM_GCC_Support/ewl/lib/armv6-m\libc.a(exit.o)
 .debug_frame   0x00002928       0x28 C:/Freescale/CW MCU v10.6/MCU/ARM_GCC_Support/ewl/lib/armv6-m\libc.a(memset.o)
 .debug_frame   0x00002950       0x2c C:/Freescale/CW MCU v10.6/MCU/ARM_GCC_Support/ewl/lib/armv6-m\libc.a(__filll_mem.o)
 .debug_frame   0x0000297c       0x20 c:/freescale/cw mcu v10.6/cross_tools/arm-none-eabi-gcc-4_7_3/bin/../lib/gcc/arm-none-eabi/4.7.3/armv6-m\libgcc.a(_udivsi3.o)
 .debug_frame   0x0000299c       0x40 C:/Freescale/CW MCU v10.6/MCU/ARM_GCC_Support/ewl/lib/armv6-m\librt.a(gcc_ctor_dtor.o)
 .debug_frame   0x000029dc       0xbc C:/Freescale/CW MCU v10.6/MCU/ARM_GCC_Support/ewl/lib/armv6-m\librt.a(__arm_eabi_init.o)
 .debug_frame   0x00002a98       0x54 C:/Freescale/CW MCU v10.6/MCU/ARM_GCC_Support/ewl/lib/armv6-m\librt.a(ROMCopy.o)
